stm32f1xx_it.c:99:6:NMI_Handler	0	static
stm32f1xx_it.c:112:6:HardFault_Handler	0	static
stm32f1xx_it.c:127:6:MemManage_Handler	0	static
stm32f1xx_it.c:142:6:BusFault_Handler	0	static
stm32f1xx_it.c:157:6:UsageFault_Handler	0	static
stm32f1xx_it.c:172:6:SVC_Handler	0	static
stm32f1xx_it.c:185:6:DebugMon_Handler	0	static
stm32f1xx_it.c:198:6:PendSV_Handler	0	static
stm32f1xx_it.c:211:6:SysTick_Handler	0	static
stm32f1xx_it.c:232:6:EXTI1_IRQHandler	0	static
stm32f1xx_it.c:246:6:EXTI2_IRQHandler	0	static
stm32f1xx_it.c:260:6:TIM1_CC_IRQHandler	0	static
stm32f1xx_it.c:283:6:TIM2_IRQHandler	0	static
stm32f1xx_it.c:297:6:TIM3_IRQHandler	8	static
stm32f1xx_it.c:342:6:TIM4_IRQHandler	0	static
