stm32f1xx_hal_msp.c:86:6:HAL_MspInit	8	static
stm32f1xx_hal_msp.c:112:6:HAL_ADC_MspInit	40	static
stm32f1xx_hal_msp.c:164:6:HAL_ADC_MspDeInit	0	static
stm32f1xx_hal_msp.c:209:6:HAL_SPI_MspInit	32	static
stm32f1xx_hal_msp.c:249:6:HAL_SPI_MspDeInit	0	static
stm32f1xx_hal_msp.c:279:6:HAL_TIM_OC_MspInit	16	static
stm32f1xx_hal_msp.c:318:6:HAL_TIM_PWM_MspInit	16	static
stm32f1xx_hal_msp.c:348:6:HAL_TIM_MspPostInit	40	static
stm32f1xx_hal_msp.c:407:6:HAL_TIM_OC_MspDeInit	0	static
stm32f1xx_hal_msp.c:446:6:HAL_TIM_PWM_MspDeInit	0	static
