Archive member included to satisfy reference by file (symbol)

c:/program files (x86)/atollic/truestudio for stm32 9.0.1/armtools/bin/../lib/gcc/arm-atollic-eabi/6.3.1/../../../../arm-atollic-eabi/lib/armv7-m\libc_nano.a(lib_a-errno.o)
                              Src\syscalls.o (__errno)
c:/program files (x86)/atollic/truestudio for stm32 9.0.1/armtools/bin/../lib/gcc/arm-atollic-eabi/6.3.1/../../../../arm-atollic-eabi/lib/armv7-m\libc_nano.a(lib_a-impure.o)
                              c:/program files (x86)/atollic/truestudio for stm32 9.0.1/armtools/bin/../lib/gcc/arm-atollic-eabi/6.3.1/../../../../arm-atollic-eabi/lib/armv7-m\libc_nano.a(lib_a-errno.o) (_impure_ptr)
c:/program files (x86)/atollic/truestudio for stm32 9.0.1/armtools/bin/../lib/gcc/arm-atollic-eabi/6.3.1/../../../../arm-atollic-eabi/lib/armv7-m\libc_nano.a(lib_a-init.o)
                              startup\startup_stm32f103xb.o (__libc_init_array)
c:/program files (x86)/atollic/truestudio for stm32 9.0.1/armtools/bin/../lib/gcc/arm-atollic-eabi/6.3.1/../../../../arm-atollic-eabi/lib/armv7-m\libc_nano.a(lib_a-memcpy-stub.o)
                              Src\nrf24l01.o (memcpy)
c:/program files (x86)/atollic/truestudio for stm32 9.0.1/armtools/bin/../lib/gcc/arm-atollic-eabi/6.3.1/../../../../arm-atollic-eabi/lib/armv7-m\libc_nano.a(lib_a-memset.o)
                              Drivers\STM32F1xx_HAL_Driver\Src\stm32f1xx_hal_rcc.o (memset)
c:/program files (x86)/atollic/truestudio for stm32 9.0.1/armtools/bin/../lib/gcc/arm-atollic-eabi/6.3.1/armv7-m\libgcc.a(_lshrdi3.o)
                              Drivers\STM32F1xx_HAL_Driver\Src\stm32f1xx_hal_flash.o (__aeabi_llsr)

Allocating common symbols
Common symbol       size              file

htim4               0x40              Src\helmet.o
dynamic_payloads_enabled
                    0x1               Src\nrf24l01.o
hadc2               0x30              Src\helmet.o
uwTick              0x4               Drivers\STM32F1xx_HAL_Driver\Src\stm32f1xx_hal.o
pFlash              0x20              Drivers\STM32F1xx_HAL_Driver\Src\stm32f1xx_hal_flash.o
htim3               0x40              Src\helmet.o
hadc1               0x30              Src\helmet.o
ANSW                0xc               Src\helmet.o
htim1               0x40              Src\helmet.o
p_variant           0x1               Src\nrf24l01.o
hspi1               0x58              Src\main.o
htim2               0x40              Src\main.o
NRF                 0x24              Src\helmet.o
htim                0x40              Src\helmet.o

Discarded input sections

 .text          0x00000000        0x0 c:/program files (x86)/atollic/truestudio for stm32 9.0.1/armtools/bin/../lib/gcc/arm-atollic-eabi/6.3.1/armv7-m/crti.o
 .data          0x00000000        0x0 c:/program files (x86)/atollic/truestudio for stm32 9.0.1/armtools/bin/../lib/gcc/arm-atollic-eabi/6.3.1/armv7-m/crti.o
 .bss           0x00000000        0x0 c:/program files (x86)/atollic/truestudio for stm32 9.0.1/armtools/bin/../lib/gcc/arm-atollic-eabi/6.3.1/armv7-m/crti.o
 .data          0x00000000        0x4 c:/program files (x86)/atollic/truestudio for stm32 9.0.1/armtools/bin/../lib/gcc/arm-atollic-eabi/6.3.1/armv7-m/crtbegin.o
 .text          0x00000000        0x0 Drivers\STM32F1xx_HAL_Driver\Src\stm32f1xx_hal.o
 .data          0x00000000        0x0 Drivers\STM32F1xx_HAL_Driver\Src\stm32f1xx_hal.o
 .bss           0x00000000        0x0 Drivers\STM32F1xx_HAL_Driver\Src\stm32f1xx_hal.o
 .text.HAL_MspInit
                0x00000000        0x2 Drivers\STM32F1xx_HAL_Driver\Src\stm32f1xx_hal.o
 .text.HAL_MspDeInit
                0x00000000        0x2 Drivers\STM32F1xx_HAL_Driver\Src\stm32f1xx_hal.o
 .text.HAL_DeInit
                0x00000000       0x20 Drivers\STM32F1xx_HAL_Driver\Src\stm32f1xx_hal.o
 .text.HAL_GetTickPrio
                0x00000000        0xc Drivers\STM32F1xx_HAL_Driver\Src\stm32f1xx_hal.o
 .text.HAL_SetTickFreq
                0x00000000       0x28 Drivers\STM32F1xx_HAL_Driver\Src\stm32f1xx_hal.o
 .text.HAL_GetTickFreq
                0x00000000        0xc Drivers\STM32F1xx_HAL_Driver\Src\stm32f1xx_hal.o
 .text.HAL_SuspendTick
                0x00000000       0x10 Drivers\STM32F1xx_HAL_Driver\Src\stm32f1xx_hal.o
 .text.HAL_ResumeTick
                0x00000000       0x10 Drivers\STM32F1xx_HAL_Driver\Src\stm32f1xx_hal.o
 .text.HAL_GetHalVersion
                0x00000000        0x8 Drivers\STM32F1xx_HAL_Driver\Src\stm32f1xx_hal.o
 .text.HAL_GetREVID
                0x00000000        0xc Drivers\STM32F1xx_HAL_Driver\Src\stm32f1xx_hal.o
 .text.HAL_GetDEVID
                0x00000000       0x10 Drivers\STM32F1xx_HAL_Driver\Src\stm32f1xx_hal.o
 .text.HAL_GetUIDw0
                0x00000000        0xc Drivers\STM32F1xx_HAL_Driver\Src\stm32f1xx_hal.o
 .text.HAL_GetUIDw1
                0x00000000        0xc Drivers\STM32F1xx_HAL_Driver\Src\stm32f1xx_hal.o
 .text.HAL_GetUIDw2
                0x00000000        0xc Drivers\STM32F1xx_HAL_Driver\Src\stm32f1xx_hal.o
[...]
Memory Configuration

Name             Origin             Length             Attributes
RAM              0x20000000         0x00005000         xrw
FLASH            0x08000000         0x00010000         xr
*default*        0x00000000         0xffffffff

Linker script and memory map

LOAD c:/program files (x86)/atollic/truestudio for stm32 9.0.1/armtools/bin/../lib/gcc/arm-atollic-eabi/6.3.1/armv7-m/crti.o
LOAD c:/program files (x86)/atollic/truestudio for stm32 9.0.1/armtools/bin/../lib/gcc/arm-atollic-eabi/6.3.1/armv7-m/crtbegin.o
LOAD Drivers\STM32F1xx_HAL_Driver\Src\stm32f1xx_hal.o
LOAD Drivers\STM32F1xx_HAL_Driver\Src\stm32f1xx_hal_adc.o
LOAD Drivers\STM32F1xx_HAL_Driver\Src\stm32f1xx_hal_adc_ex.o
LOAD Drivers\STM32F1xx_HAL_Driver\Src\stm32f1xx_hal_cortex.o
LOAD Drivers\STM32F1xx_HAL_Driver\Src\stm32f1xx_hal_dma.o
LOAD Drivers\STM32F1xx_HAL_Driver\Src\stm32f1xx_hal_exti.o
LOAD Drivers\STM32F1xx_HAL_Driver\Src\stm32f1xx_hal_flash.o
LOAD Drivers\STM32F1xx_HAL_Driver\Src\stm32f1xx_hal_flash_ex.o
LOAD Drivers\STM32F1xx_HAL_Driver\Src\stm32f1xx_hal_gpio.o
LOAD Drivers\STM32F1xx_HAL_Driver\Src\stm32f1xx_hal_gpio_ex.o
LOAD Drivers\STM32F1xx_HAL_Driver\Src\stm32f1xx_hal_pwr.o
LOAD Drivers\STM32F1xx_HAL_Driver\Src\stm32f1xx_hal_rcc.o
LOAD Drivers\STM32F1xx_HAL_Driver\Src\stm32f1xx_hal_rcc_ex.o
LOAD Drivers\STM32F1xx_HAL_Driver\Src\stm32f1xx_hal_spi.o
LOAD Drivers\STM32F1xx_HAL_Driver\Src\stm32f1xx_hal_tim.o
LOAD Drivers\STM32F1xx_HAL_Driver\Src\stm32f1xx_hal_tim_ex.o
LOAD Src\flash.o
LOAD Src\helmet.o
LOAD Src\main.o
LOAD Src\nrf24l01.o
LOAD Src\stm32f1xx_hal_msp.o
LOAD Src\stm32f1xx_it.o
LOAD Src\syscalls.o
LOAD Src\system_stm32f1xx.o
LOAD startup\startup_stm32f103xb.o
                0x00000080                malloc_getpagesize_P = 0x80
START GROUP
LOAD c:/program files (x86)/atollic/truestudio for stm32 9.0.1/armtools/bin/../lib/gcc/arm-atollic-eabi/6.3.1/../../../../arm-atollic-eabi/lib/armv7-m\libc_nano.a
LOAD c:/program files (x86)/atollic/truestudio for stm32 9.0.1/armtools/bin/../lib/gcc/arm-atollic-eabi/6.3.1/../../../../arm-atollic-eabi/lib/armv7-m\libm.a
END GROUP
START GROUP
LOAD c:/program files (x86)/atollic/truestudio for stm32 9.0.1/armtools/bin/../lib/gcc/arm-atollic-eabi/6.3.1/armv7-m\libgcc.a
LOAD c:/program files (x86)/atollic/truestudio for stm32 9.0.1/armtools/bin/../lib/gcc/arm-atollic-eabi/6.3.1/../../../../arm-atollic-eabi/lib/armv7-m\libc_nano.a
END GROUP
START GROUP
LOAD c:/program files (x86)/atollic/truestudio for stm32 9.0.1/armtools/bin/../lib/gcc/arm-atollic-eabi/6.3.1/armv7-m\libgcc.a
LOAD c:/program files (x86)/atollic/truestudio for stm32 9.0.1/armtools/bin/../lib/gcc/arm-atollic-eabi/6.3.1/../../../../arm-atollic-eabi/lib/armv7-m\libc_nano.a
LOAD c:/program files (x86)/atollic/truestudio for stm32 9.0.1/armtools/bin/../lib/gcc/arm-atollic-eabi/6.3.1/../../../../arm-atollic-eabi/lib/armv7-m\libnosys.a
END GROUP
START GROUP
LOAD c:/program files (x86)/atollic/truestudio for stm32 9.0.1/armtools/bin/../lib/gcc/arm-atollic-eabi/6.3.1/armv7-m\libgcc.a
LOAD c:/program files (x86)/atollic/truestudio for stm32 9.0.1/armtools/bin/../lib/gcc/arm-atollic-eabi/6.3.1/../../../../arm-atollic-eabi/lib/armv7-m\libc_nano.a
LOAD c:/program files (x86)/atollic/truestudio for stm32 9.0.1/armtools/bin/../lib/gcc/arm-atollic-eabi/6.3.1/../../../../arm-atollic-eabi/lib/armv7-m\libnosys.a
END GROUP
LOAD c:/program files (x86)/atollic/truestudio for stm32 9.0.1/armtools/bin/../lib/gcc/arm-atollic-eabi/6.3.1/armv7-m/crtend.o
LOAD c:/program files (x86)/atollic/truestudio for stm32 9.0.1/armtools/bin/../lib/gcc/arm-atollic-eabi/6.3.1/armv7-m/crtn.o
                0x20005000                _estack = 0x20005000
                0x00000200                _Min_Heap_Size = 0x200
                0x00000400                _Min_Stack_Size = 0x400

.isr_vector     0x08000000      0x10c
                0x08000000                . = ALIGN (0x4)
 *(.isr_vector)
 .isr_vector    0x08000000      0x10c startup\startup_stm32f103xb.o
                0x08000000                g_pfnVectors
                0x0800010c                . = ALIGN (0x4)

.text           0x08000110     0x3660
                0x08000110                . = ALIGN (0x4)
 *(.text)
 .text          0x08000110       0x40 c:/program files (x86)/atollic/truestudio for stm32 9.0.1/armtools/bin/../lib/gcc/arm-atollic-eabi/6.3.1/armv7-m/crtbegin.o
 *(.text*)
 .text.HAL_InitTick
                0x08000150       0x48 Drivers\STM32F1xx_HAL_Driver\Src\stm32f1xx_hal.o
                0x08000150                HAL_InitTick
 .text.HAL_Init
                0x08000198       0x24 Drivers\STM32F1xx_HAL_Driver\Src\stm32f1xx_hal.o
                0x08000198                HAL_Init
 .text.HAL_IncTick
                0x080001bc       0x18 Drivers\STM32F1xx_HAL_Driver\Src\stm32f1xx_hal.o
                0x080001bc                HAL_IncTick
 .text.HAL_GetTick
                0x080001d4        0xc Drivers\STM32F1xx_HAL_Driver\Src\stm32f1xx_hal.o
                0x080001d4                HAL_GetTick
 .text.HAL_Delay
                0x080001e0       0x24 Drivers\STM32F1xx_HAL_Driver\Src\stm32f1xx_hal.o
                0x080001e0                HAL_Delay
 .text.HAL_ADC_PollForConversion
                0x08000204      0x13c Drivers\STM32F1xx_HAL_Driver\Src\stm32f1xx_hal_adc.o
                0x08000204                HAL_ADC_PollForConversion
 .text.HAL_ADC_GetValue
                0x08000340        0x6 Drivers\STM32F1xx_HAL_Driver\Src\stm32f1xx_hal_adc.o
                0x08000340                HAL_ADC_GetValue
 *fill*         0x08000346        0x2 
 .text.HAL_ADC_ConfigChannel
                0x08000348      0x108 Drivers\STM32F1xx_HAL_Driver\Src\stm32f1xx_hal_adc.o
                0x08000348                HAL_ADC_ConfigChannel
 .text.ADC_Enable
                0x08000450       0x70 Drivers\STM32F1xx_HAL_Driver\Src\stm32f1xx_hal_adc.o
                0x08000450                ADC_Enable
 .text.HAL_ADC_Start
                0x080004c0       0xc4 Drivers\STM32F1xx_HAL_Driver\Src\stm32f1xx_hal_adc.o
                0x080004c0                HAL_ADC_Start
 .text.ADC_ConversionStop_Disable
                0x08000584       0x44 Drivers\STM32F1xx_HAL_Driver\Src\stm32f1xx_hal_adc.o
                0x08000584                ADC_ConversionStop_Disable
 .text.HAL_ADC_Init
                0x080005c8      0x100 Drivers\STM32F1xx_HAL_Driver\Src\stm32f1xx_hal_adc.o
                0x080005c8                HAL_ADC_Init
 .text.HAL_ADC_Stop
                0x080006c8       0x34 Drivers\STM32F1xx_HAL_Driver\Src\stm32f1xx_hal_adc.o
                0x080006c8                HAL_ADC_Stop
 .text.HAL_ADCEx_Calibration_Start
                0x080006fc       0xd0 Drivers\STM32F1xx_HAL_Driver\Src\stm32f1xx_hal_adc_ex.o
                0x080006fc                HAL_ADCEx_Calibration_Start
 .text.HAL_NVIC_SetPriorityGrouping
                0x080007cc       0x24 Drivers\STM32F1xx_HAL_Driver\Src\stm32f1xx_hal_cortex.o
                0x080007cc                HAL_NVIC_SetPriorityGrouping
 .text.HAL_NVIC_SetPriority
                0x080007f0       0x68 Drivers\STM32F1xx_HAL_Driver\Src\stm32f1xx_hal_cortex.o
                0x080007f0                HAL_NVIC_SetPriority
 .text.HAL_NVIC_EnableIRQ
                0x08000858       0x1c Drivers\STM32F1xx_HAL_Driver\Src\stm32f1xx_hal_cortex.o
                0x08000858                HAL_NVIC_EnableIRQ
 .text.HAL_SYSTICK_Config
                0x08000874       0x2c Drivers\STM32F1xx_HAL_Driver\Src\stm32f1xx_hal_cortex.o
                0x08000874                HAL_SYSTICK_Config
 .text.HAL_GPIO_Init
                0x080008a0      0x1c4 Drivers\STM32F1xx_HAL_Driver\Src\stm32f1xx_hal_gpio.o
                0x080008a0                HAL_GPIO_Init
 .text.HAL_GPIO_ReadPin
                0x08000a64        0xc Drivers\STM32F1xx_HAL_Driver\Src\stm32f1xx_hal_gpio.o
                0x08000a64                HAL_GPIO_ReadPin
 .text.HAL_GPIO_WritePin
                0x08000a70        0xa Drivers\STM32F1xx_HAL_Driver\Src\stm32f1xx_hal_gpio.o
                0x08000a70                HAL_GPIO_WritePin
 *fill*         0x08000a7a        0x2 
 .text.HAL_GPIO_EXTI_IRQHandler
                0x08000a7c       0x18 Drivers\STM32F1xx_HAL_Driver\Src\stm32f1xx_hal_gpio.o
                0x08000a7c                HAL_GPIO_EXTI_IRQHandler
 .text.HAL_RCC_OscConfig
                0x08000a94      0x33c Drivers\STM32F1xx_HAL_Driver\Src\stm32f1xx_hal_rcc.o
                0x08000a94                HAL_RCC_OscConfig
 .text.HAL_RCC_MCOConfig
                0x08000dd0       0x50 Drivers\STM32F1xx_HAL_Driver\Src\stm32f1xx_hal_rcc.o
                0x08000dd0                HAL_RCC_MCOConfig
 .text.HAL_RCC_GetSysClockFreq
                0x08000e20       0x84 Drivers\STM32F1xx_HAL_Driver\Src\stm32f1xx_hal_rcc.o
                0x08000e20                HAL_RCC_GetSysClockFreq
 .text.HAL_RCC_ClockConfig
                0x08000ea4      0x13c Drivers\STM32F1xx_HAL_Driver\Src\stm32f1xx_hal_rcc.o
                0x08000ea4                HAL_RCC_ClockConfig
 .text.HAL_RCC_GetPCLK2Freq
                0x08000fe0       0x20 Drivers\STM32F1xx_HAL_Driver\Src\stm32f1xx_hal_rcc.o
                0x08000fe0                HAL_RCC_GetPCLK2Freq
 .text.HAL_RCCEx_PeriphCLKConfig
                0x08001000       0xf0 Drivers\STM32F1xx_HAL_Driver\Src\stm32f1xx_hal_rcc_ex.o
                0x08001000                HAL_RCCEx_PeriphCLKConfig
 .text.HAL_RCCEx_GetPeriphCLKFreq
                0x080010f0       0xec Drivers\STM32F1xx_HAL_Driver\Src\stm32f1xx_hal_rcc_ex.o
                0x080010f0                HAL_RCCEx_GetPeriphCLKFreq
 .text.SPI_WaitFlagStateUntilTimeout.constprop.8
                0x080011dc       0x76 Drivers\STM32F1xx_HAL_Driver\Src\stm32f1xx_hal_spi.o
 .text.SPI_EndRxTransaction
                0x08001252       0x4e Drivers\STM32F1xx_HAL_Driver\Src\stm32f1xx_hal_spi.o
 .text.SPI_EndRxTxTransaction
                0x080012a0       0x1c Drivers\STM32F1xx_HAL_Driver\Src\stm32f1xx_hal_spi.o
 .text.HAL_SPI_Init
                0x080012bc       0x76 Drivers\STM32F1xx_HAL_Driver\Src\stm32f1xx_hal_spi.o
                0x080012bc                HAL_SPI_Init
 .text.HAL_SPI_Transmit
                0x08001332      0x152 Drivers\STM32F1xx_HAL_Driver\Src\stm32f1xx_hal_spi.o
                0x08001332                HAL_SPI_Transmit
 .text.HAL_SPI_TransmitReceive
                0x08001484      0x1e0 Drivers\STM32F1xx_HAL_Driver\Src\stm32f1xx_hal_spi.o
                0x08001484                HAL_SPI_TransmitReceive
 .text.HAL_SPI_Receive
                0x08001664      0x12e Drivers\STM32F1xx_HAL_Driver\Src\stm32f1xx_hal_spi.o
                0x08001664                HAL_SPI_Receive
 *fill*         0x08001792        0x2 
 .text.TIM_OC1_SetConfig
                0x08001794       0x50 Drivers\STM32F1xx_HAL_Driver\Src\stm32f1xx_hal_tim.o
 .text.TIM_OC3_SetConfig
                0x080017e4       0x54 Drivers\STM32F1xx_HAL_Driver\Src\stm32f1xx_hal_tim.o
 .text.TIM_OC4_SetConfig
                0x08001838       0x44 Drivers\STM32F1xx_HAL_Driver\Src\stm32f1xx_hal_tim.o
 .text.HAL_TIM_Base_Start
                0x0800187c       0x24 Drivers\STM32F1xx_HAL_Driver\Src\stm32f1xx_hal_tim.o
                0x0800187c                HAL_TIM_Base_Start
 .text.HAL_TIM_Base_Stop_IT
                0x080018a0       0x2a Drivers\STM32F1xx_HAL_Driver\Src\stm32f1xx_hal_tim.o
                0x080018a0                HAL_TIM_Base_Stop_IT
 .text.HAL_TIM_PeriodElapsedCallback
                0x080018ca        0x2 Drivers\STM32F1xx_HAL_Driver\Src\stm32f1xx_hal_tim.o
                0x080018ca                HAL_TIM_PeriodElapsedCallback
 .text.HAL_TIM_IC_CaptureCallback
                0x080018cc        0x2 Drivers\STM32F1xx_HAL_Driver\Src\stm32f1xx_hal_tim.o
                0x080018cc                HAL_TIM_IC_CaptureCallback
 .text.HAL_TIM_PWM_PulseFinishedCallback
                0x080018ce        0x2 Drivers\STM32F1xx_HAL_Driver\Src\stm32f1xx_hal_tim.o
                0x080018ce                HAL_TIM_PWM_PulseFinishedCallback
 .text.HAL_TIM_TriggerCallback
                0x080018d0        0x2 Drivers\STM32F1xx_HAL_Driver\Src\stm32f1xx_hal_tim.o
                0x080018d0                HAL_TIM_TriggerCallback
 .text.HAL_TIM_IRQHandler
                0x080018d2      0x144 Drivers\STM32F1xx_HAL_Driver\Src\stm32f1xx_hal_tim.o
                0x080018d2                HAL_TIM_IRQHandler
 *fill*         0x08001a16        0x2 
 .text.TIM_Base_SetConfig
                0x08001a18       0x70 Drivers\STM32F1xx_HAL_Driver\Src\stm32f1xx_hal_tim.o
                0x08001a18                TIM_Base_SetConfig
 .text.HAL_TIM_OC_Init
                0x08001a88       0x34 Drivers\STM32F1xx_HAL_Driver\Src\stm32f1xx_hal_tim.o
                0x08001a88                HAL_TIM_OC_Init
 .text.HAL_TIM_PWM_Init
                0x08001abc       0x34 Drivers\STM32F1xx_HAL_Driver\Src\stm32f1xx_hal_tim.o
                0x08001abc                HAL_TIM_PWM_Init
 .text.TIM_OC2_SetConfig
                0x08001af0       0x58 Drivers\STM32F1xx_HAL_Driver\Src\stm32f1xx_hal_tim.o
                0x08001af0                TIM_OC2_SetConfig
 .text.HAL_TIM_OC_ConfigChannel
                0x08001b48       0x5c Drivers\STM32F1xx_HAL_Driver\Src\stm32f1xx_hal_tim.o
                0x08001b48                HAL_TIM_OC_ConfigChannel
 .text.HAL_TIM_PWM_ConfigChannel
                0x08001ba4       0xc4 Drivers\STM32F1xx_HAL_Driver\Src\stm32f1xx_hal_tim.o
                0x08001ba4                HAL_TIM_PWM_ConfigChannel
 .text.TIM_CCxChannelCmd
                0x08001c68       0x1c Drivers\STM32F1xx_HAL_Driver\Src\stm32f1xx_hal_tim.o
                0x08001c68                TIM_CCxChannelCmd
 .text.HAL_TIM_PWM_Start
                0x08001c84       0x38 Drivers\STM32F1xx_HAL_Driver\Src\stm32f1xx_hal_tim.o
                0x08001c84                HAL_TIM_PWM_Start
 .text.HAL_TIM_PWM_Start_IT
                0x08001cbc       0x74 Drivers\STM32F1xx_HAL_Driver\Src\stm32f1xx_hal_tim.o
                0x08001cbc                HAL_TIM_PWM_Start_IT
 .text.HAL_TIM_OC_Start_IT
                0x08001d30        0x4 Drivers\STM32F1xx_HAL_Driver\Src\stm32f1xx_hal_tim.o
                0x08001d30                HAL_TIM_OC_Start_IT
 .text.HAL_TIM_PWM_Stop_IT
                0x08001d34       0x94 Drivers\STM32F1xx_HAL_Driver\Src\stm32f1xx_hal_tim.o
                0x08001d34                HAL_TIM_PWM_Stop_IT
 .text.HAL_TIM_OC_Stop_IT
                0x08001dc8        0x4 Drivers\STM32F1xx_HAL_Driver\Src\stm32f1xx_hal_tim.o
                0x08001dc8                HAL_TIM_OC_Stop_IT
 .text.HAL_TIMEx_MasterConfigSynchronization
                0x08001dcc       0x3c Drivers\STM32F1xx_HAL_Driver\Src\stm32f1xx_hal_tim_ex.o
                0x08001dcc                HAL_TIMEx_MasterConfigSynchronization
 .text.HAL_TIMEx_ConfigBreakDeadTime
                0x08001e08       0x4c Drivers\STM32F1xx_HAL_Driver\Src\stm32f1xx_hal_tim_ex.o
                0x08001e08                HAL_TIMEx_ConfigBreakDeadTime
 .text.HAL_TIMEx_CommutCallback
                0x08001e54        0x2 Drivers\STM32F1xx_HAL_Driver\Src\stm32f1xx_hal_tim_ex.o
                0x08001e54                HAL_TIMEx_CommutCallback
 .text.HAL_TIMEx_BreakCallback
                0x08001e56        0x2 Drivers\STM32F1xx_HAL_Driver\Src\stm32f1xx_hal_tim_ex.o
                0x08001e56                HAL_TIMEx_BreakCallback
 .text.flash_unlock
                0x08001e58       0x18 Src\flash.o
                0x08001e58                flash_unlock
 .text.flash_lock
                0x08001e70       0x10 Src\flash.o
                0x08001e70                flash_lock
 .text.flash_ready
                0x08001e80       0x10 Src\flash.o
                0x08001e80                flash_ready
 .text.flash_erase_page
                0x08001e90       0x30 Src\flash.o
                0x08001e90                flash_erase_page
 .text.flash_write
                0x08001ec0       0x40 Src\flash.o
                0x08001ec0                flash_write
 .text.WORK     0x08001f00       0xac Src\helmet.o
                0x08001f00                WORK
 .text.CONNECT  0x08001fac      0x140 Src\helmet.o
                0x08001fac                CONNECT
 .text.HELMET_SEARCH
                0x080020ec       0x88 Src\helmet.o
                0x080020ec                HELMET_SEARCH
 .text.TEST     0x08002174       0x98 Src\helmet.o
                0x08002174                TEST
 .text.light_check
                0x0800220c       0x58 Src\helmet.o
                0x0800220c                light_check
 .text.unique_id
                0x08002264       0x2c Src\helmet.o
                0x08002264                unique_id
 .text.battery_check
                0x08002290      0x190 Src\helmet.o
                0x08002290                battery_check
 .text.SystemClock_Config
                0x08002420       0x82 Src\main.o
                0x08002420                SystemClock_Config
 *fill*         0x080024a2        0x6 
 .text.startup.main
                0x080024a8      0x588 Src\main.o
                0x080024a8                main
 .text.HAL_TIM_OC_DelayElapsedCallback
                0x08002a30       0x8c Src\main.o
                0x08002a30                HAL_TIM_OC_DelayElapsedCallback
 .text.HAL_GPIO_EXTI_Callback
                0x08002abc      0x214 Src\main.o
                0x08002abc                HAL_GPIO_EXTI_Callback
 .text.DWT_Init
                0x08002cd0       0x20 Src\nrf24l01.o
                0x08002cd0                DWT_Init
 .text.delay_us
                0x08002cf0       0x28 Src\nrf24l01.o
                0x08002cf0                delay_us
 .text.csn      0x08002d18       0x1c Src\nrf24l01.o
                0x08002d18                csn
 .text.ce       0x08002d34       0x10 Src\nrf24l01.o
                0x08002d34                ce
 .text.read_register
                0x08002d44       0x4c Src\nrf24l01.o
                0x08002d44                read_register
 .text.write_registerMy
                0x08002d90       0x54 Src\nrf24l01.o
                0x08002d90                write_registerMy
 .text.write_register
                0x08002de4       0x58 Src\nrf24l01.o
                0x08002de4                write_register
 .text.read_payload
                0x08002e3c       0x7c Src\nrf24l01.o
                0x08002e3c                read_payload
 .text.spiTrans
                0x08002eb8       0x3c Src\nrf24l01.o
                0x08002eb8                spiTrans
 .text.flush_rx
                0x08002ef4        0x6 Src\nrf24l01.o
                0x08002ef4                flush_rx
 .text.flush_tx
                0x08002efa        0x6 Src\nrf24l01.o
                0x08002efa                flush_tx
 .text.get_status
                0x08002f00        0x6 Src\nrf24l01.o
                0x08002f00                get_status
 .text.setChannel
                0x08002f06        0x8 Src\nrf24l01.o
                0x08002f06                setChannel
 .text.getChannel
                0x08002f0e        0x6 Src\nrf24l01.o
                0x08002f0e                getChannel
 .text.isChipConnected
                0x08002f14       0x16 Src\nrf24l01.o
                0x08002f14                isChipConnected
 .text.powerUp  0x08002f2a       0x26 Src\nrf24l01.o
                0x08002f2a                powerUp
 .text.available
                0x08002f50       0x22 Src\nrf24l01.o
                0x08002f50                available
 .text.read     0x08002f72       0x12 Src\nrf24l01.o
                0x08002f72                read
 .text.openReadingPipe
                0x08002f84       0x70 Src\nrf24l01.o
                0x08002f84                openReadingPipe
 .text.closeReadingPipe
                0x08002ff4       0x28 Src\nrf24l01.o
                0x08002ff4                closeReadingPipe
 .text.startListening
                0x0800301c       0x58 Src\nrf24l01.o
                0x0800301c                startListening
 .text.toggle_features
                0x08003074       0x3c Src\nrf24l01.o
                0x08003074                toggle_features
 .text.enableDynamicPayloads
                0x080030b0       0x34 Src\nrf24l01.o
                0x080030b0                enableDynamicPayloads
 .text.enableAckPayload
                0x080030e4       0x34 Src\nrf24l01.o
                0x080030e4                enableAckPayload
 .text.writeAckPayload
                0x08003118       0x4c Src\nrf24l01.o
                0x08003118                writeAckPayload
 .text.setAutoAck
                0x08003164        0xc Src\nrf24l01.o
                0x08003164                setAutoAck
 .text.setPALevel
                0x08003170       0x2a Src\nrf24l01.o
                0x08003170                setPALevel
 .text.getPALevel
                0x0800319a        0xe Src\nrf24l01.o
                0x0800319a                getPALevel
 .text.setDataRate
                0x080031a8       0x44 Src\nrf24l01.o
                0x080031a8                setDataRate
 .text.NRF_Init
                0x080031ec       0xc4 Src\nrf24l01.o
                0x080031ec                NRF_Init
 .text.getDataRate
                0x080032b0       0x1e Src\nrf24l01.o
                0x080032b0                getDataRate
 *fill*         0x080032ce        0x2 
 .text.HAL_MspInit
                0x080032d0       0x44 Src\stm32f1xx_hal_msp.o
                0x080032d0                HAL_MspInit
 .text.HAL_ADC_MspInit
                0x08003314       0x94 Src\stm32f1xx_hal_msp.o
                0x08003314                HAL_ADC_MspInit
 .text.HAL_SPI_MspInit
                0x080033a8       0x74 Src\stm32f1xx_hal_msp.o
                0x080033a8                HAL_SPI_MspInit
 .text.HAL_TIM_OC_MspInit
                0x0800341c       0x68 Src\stm32f1xx_hal_msp.o
                0x0800341c                HAL_TIM_OC_MspInit
 .text.HAL_TIM_PWM_MspInit
                0x08003484       0x5c Src\stm32f1xx_hal_msp.o
                0x08003484                HAL_TIM_PWM_MspInit
 .text.HAL_TIM_MspPostInit
                0x080034e0       0xbc Src\stm32f1xx_hal_msp.o
                0x080034e0                HAL_TIM_MspPostInit
 .text.NMI_Handler
                0x0800359c        0x2 Src\stm32f1xx_it.o
                0x0800359c                NMI_Handler
 .text.HardFault_Handler
                0x0800359e        0x2 Src\stm32f1xx_it.o
                0x0800359e                HardFault_Handler
 .text.MemManage_Handler
                0x080035a0        0x2 Src\stm32f1xx_it.o
                0x080035a0                MemManage_Handler
 .text.BusFault_Handler
                0x080035a2        0x2 Src\stm32f1xx_it.o
                0x080035a2                BusFault_Handler
 .text.UsageFault_Handler
                0x080035a4        0x2 Src\stm32f1xx_it.o
                0x080035a4                UsageFault_Handler
 .text.SVC_Handler
                0x080035a6        0x2 Src\stm32f1xx_it.o
                0x080035a6                SVC_Handler
 .text.DebugMon_Handler
                0x080035a8        0x2 Src\stm32f1xx_it.o
                0x080035a8                DebugMon_Handler
 .text.PendSV_Handler
                0x080035aa        0x2 Src\stm32f1xx_it.o
                0x080035aa                PendSV_Handler
 .text.SysTick_Handler
                0x080035ac        0x4 Src\stm32f1xx_it.o
                0x080035ac                SysTick_Handler
 .text.EXTI1_IRQHandler
                0x080035b0        0x6 Src\stm32f1xx_it.o
                0x080035b0                EXTI1_IRQHandler
 .text.EXTI2_IRQHandler
                0x080035b6        0x6 Src\stm32f1xx_it.o
                0x080035b6                EXTI2_IRQHandler
 .text.TIM1_CC_IRQHandler
                0x080035bc        0xc Src\stm32f1xx_it.o
                0x080035bc                TIM1_CC_IRQHandler
 .text.TIM2_IRQHandler
                0x080035c8        0xc Src\stm32f1xx_it.o
                0x080035c8                TIM2_IRQHandler
 .text.TIM3_IRQHandler
                0x080035d4       0x7c Src\stm32f1xx_it.o
                0x080035d4                TIM3_IRQHandler
 .text.SystemInit
                0x08003650       0x4c Src\system_stm32f1xx.o
                0x08003650                SystemInit
 .text.Reset_Handler
                0x0800369c       0x48 startup\startup_stm32f103xb.o
                0x0800369c                Reset_Handler
 .text.Default_Handler
                0x080036e4        0x2 startup\startup_stm32f103xb.o
                0x080036e4                RTC_Alarm_IRQHandler
                0x080036e4                PVD_IRQHandler
                0x080036e4                EXTI3_IRQHandler
                0x080036e4                EXTI0_IRQHandler
                0x080036e4                I2C2_EV_IRQHandler
                0x080036e4                ADC1_2_IRQHandler
                0x080036e4                SPI1_IRQHandler
                0x080036e4                TAMPER_IRQHandler
                0x080036e4                DMA1_Channel4_IRQHandler
                0x080036e4                USART3_IRQHandler
                0x080036e4                RTC_IRQHandler
                0x080036e4                DMA1_Channel7_IRQHandler
                0x080036e4                CAN1_RX1_IRQHandler
                0x080036e4                TIM4_IRQHandler
                0x080036e4                I2C1_EV_IRQHandler
                0x080036e4                DMA1_Channel6_IRQHandler
                0x080036e4                RCC_IRQHandler
                0x080036e4                TIM1_TRG_COM_IRQHandler
                0x080036e4                DMA1_Channel1_IRQHandler
                0x080036e4                Default_Handler
                0x080036e4                EXTI15_10_IRQHandler
                0x080036e4                EXTI9_5_IRQHandler
                0x080036e4                SPI2_IRQHandler
                0x080036e4                DMA1_Channel5_IRQHandler
                0x080036e4                EXTI4_IRQHandler
                0x080036e4                USB_LP_CAN1_RX0_IRQHandler
                0x080036e4                USB_HP_CAN1_TX_IRQHandler
                0x080036e4                DMA1_Channel3_IRQHandler
                0x080036e4                TIM1_UP_IRQHandler
                0x080036e4                WWDG_IRQHandler
                0x080036e4                TIM1_BRK_IRQHandler
                0x080036e4                USART2_IRQHandler
                0x080036e4                I2C2_ER_IRQHandler
                0x080036e4                DMA1_Channel2_IRQHandler
                0x080036e4                CAN1_SCE_IRQHandler
                0x080036e4                FLASH_IRQHandler
                0x080036e4                USART1_IRQHandler
                0x080036e4                I2C1_ER_IRQHandler
                0x080036e4                USBWakeUp_IRQHandler
 *fill*         0x080036e6        0x2 
 .text.__libc_init_array
                0x080036e8       0x48 c:/program files (x86)/atollic/truestudio for stm32 9.0.1/armtools/bin/../lib/gcc/arm-atollic-eabi/6.3.1/../../../../arm-atollic-eabi/lib/armv7-m\libc_nano.a(lib_a-init.o)
                0x080036e8                __libc_init_array
 .text.memcpy   0x08003730       0x16 c:/program files (x86)/atollic/truestudio for stm32 9.0.1/armtools/bin/../lib/gcc/arm-atollic-eabi/6.3.1/../../../../arm-atollic-eabi/lib/armv7-m\libc_nano.a(lib_a-memcpy-stub.o)
                0x08003730                memcpy
 .text.memset   0x08003746       0x10 c:/program files (x86)/atollic/truestudio for stm32 9.0.1/armtools/bin/../lib/gcc/arm-atollic-eabi/6.3.1/../../../../arm-atollic-eabi/lib/armv7-m\libc_nano.a(lib_a-memset.o)
                0x08003746                memset
 *(.glue_7)
 .glue_7        0x08003756        0x0 linker stubs
 *(.glue_7t)
 .glue_7t       0x08003756        0x0 linker stubs
 *(.eh_frame)
 *fill*         0x08003756        0x2 
 .eh_frame      0x08003758        0x0 c:/program files (x86)/atollic/truestudio for stm32 9.0.1/armtools/bin/../lib/gcc/arm-atollic-eabi/6.3.1/armv7-m/crtbegin.o
 *(.init)
 .init          0x08003758        0x4 c:/program files (x86)/atollic/truestudio for stm32 9.0.1/armtools/bin/../lib/gcc/arm-atollic-eabi/6.3.1/armv7-m/crti.o
                0x08003758                _init
 .init          0x0800375c        0x8 c:/program files (x86)/atollic/truestudio for stm32 9.0.1/armtools/bin/../lib/gcc/arm-atollic-eabi/6.3.1/armv7-m/crtn.o
 *(.fini)
 .fini          0x08003764        0x4 c:/program files (x86)/atollic/truestudio for stm32 9.0.1/armtools/bin/../lib/gcc/arm-atollic-eabi/6.3.1/armv7-m/crti.o
                0x08003764                _fini
 .fini          0x08003768        0x8 c:/program files (x86)/atollic/truestudio for stm32 9.0.1/armtools/bin/../lib/gcc/arm-atollic-eabi/6.3.1/armv7-m/crtn.o
                0x08003770                . = ALIGN (0x4)
                0x08003770                _etext = .

.vfp11_veneer   0x08003770        0x0
 .vfp11_veneer  0x08003770        0x0 linker stubs

.v4_bx          0x08003770        0x0
 .v4_bx         0x08003770        0x0 linker stubs

.iplt           0x08003770        0x0
 .iplt          0x08003770        0x0 c:/program files (x86)/atollic/truestudio for stm32 9.0.1/armtools/bin/../lib/gcc/arm-atollic-eabi/6.3.1/armv7-m/crtbegin.o

.rodata         0x08003770       0x4c
                0x08003770                . = ALIGN (0x4)
 *(.rodata)
 .rodata        0x08003770       0x10 Drivers\STM32F1xx_HAL_Driver\Src\stm32f1xx_hal_rcc.o
 .rodata        0x08003780       0x10 Drivers\STM32F1xx_HAL_Driver\Src\stm32f1xx_hal_rcc_ex.o
 *(.rodata*)
 .rodata.child_payload_size
                0x08003790        0x6 Src\nrf24l01.o
 .rodata.child_pipe
                0x08003796        0x6 Src\nrf24l01.o
 .rodata.child_pipe_enable
                0x0800379c        0x6 Src\nrf24l01.o
 .rodata.AHBPrescTable
                0x080037a2       0x10 Src\system_stm32f1xx.o
                0x080037a2                AHBPrescTable
 .rodata.APBPrescTable
                0x080037b2        0x8 Src\system_stm32f1xx.o
                0x080037b2                APBPrescTable
                0x080037bc                . = ALIGN (0x4)
 *fill*         0x080037ba        0x2 

.rel.dyn        0x080037bc        0x0
 .rel.iplt      0x080037bc        0x0 c:/program files (x86)/atollic/truestudio for stm32 9.0.1/armtools/bin/../lib/gcc/arm-atollic-eabi/6.3.1/armv7-m/crtbegin.o

.ARM.extab
 *(.ARM.extab* .gnu.linkonce.armextab.*)

.ARM            0x080037bc        0x0
                0x080037bc                __exidx_start = .
 *(.ARM.exidx*)
                0x080037bc                __exidx_end = .

.preinit_array  0x080037bc        0x0
                0x080037bc                PROVIDE (__preinit_array_start, .)
 *(.preinit_array*)
                0x080037bc                PROVIDE (__preinit_array_end, .)

.init_array     0x080037bc        0x4
                0x080037bc                PROVIDE (__init_array_start, .)
 *(SORT(.init_array.*))
 *(.init_array*)
 .init_array    0x080037bc        0x4 c:/program files (x86)/atollic/truestudio for stm32 9.0.1/armtools/bin/../lib/gcc/arm-atollic-eabi/6.3.1/armv7-m/crtbegin.o
                0x080037c0                PROVIDE (__init_array_end, .)

.fini_array     0x080037c0        0x4
                [!provide]                PROVIDE (__fini_array_start, .)
 *(SORT(.fini_array.*))
 *(.fini_array*)
 .fini_array    0x080037c0        0x4 c:/program files (x86)/atollic/truestudio for stm32 9.0.1/armtools/bin/../lib/gcc/arm-atollic-eabi/6.3.1/armv7-m/crtbegin.o
                [!provide]                PROVIDE (__fini_array_end, .)
                0x080037c4                _sidata = LOADADDR (.data)

.data           0x20000000       0x14 load address 0x080037c4
                0x20000000                . = ALIGN (0x4)
                0x20000000                _sdata = .
 *(.data)
 *(.data*)
 .data.uwTickFreq
                0x20000000        0x1 Drivers\STM32F1xx_HAL_Driver\Src\stm32f1xx_hal.o
                0x20000000                uwTickFreq
 *fill*         0x20000001        0x3 
 .data.uwTickPrio
                0x20000004        0x4 Drivers\STM32F1xx_HAL_Driver\Src\stm32f1xx_hal.o
                0x20000004                uwTickPrio
 .data.search_flag
                0x20000008        0x4 Src\helmet.o
                0x20000008                search_flag
 .data.stop_flag
                0x2000000c        0x4 Src\stm32f1xx_it.o
                0x2000000c                stop_flag
 .data.SystemCoreClock
                0x20000010        0x4 Src\system_stm32f1xx.o
                0x20000010                SystemCoreClock
                0x20000014                . = ALIGN (0x4)
                0x20000014                _edata = .

.igot.plt       0x20000014        0x0 load address 0x080037d8
 .igot.plt      0x20000014        0x0 c:/program files (x86)/atollic/truestudio for stm32 9.0.1/armtools/bin/../lib/gcc/arm-atollic-eabi/6.3.1/armv7-m/crtbegin.o
                0x20000014                . = ALIGN (0x4)

.bss            0x20000014      0x290 load address 0x080037d8
                0x20000014                _sbss = .
                0x20000014                __bss_start__ = _sbss
 *(.bss)
 .bss           0x20000014       0x1c c:/program files (x86)/atollic/truestudio for stm32 9.0.1/armtools/bin/../lib/gcc/arm-atollic-eabi/6.3.1/armv7-m/crtbegin.o
 *(.bss*)
 .bss.adc       0x20000030        0x4 Src\helmet.o
                0x20000030                adc
 .bss.address_0
                0x20000034        0x4 Src\helmet.o
                0x20000034                address_0
 .bss.address_1
                0x20000038        0x4 Src\helmet.o
                0x20000038                address_1
 .bss.address_2
                0x2000003c        0x4 Src\helmet.o
                0x2000003c                address_2
 .bss.bat_adc   0x20000040        0x4 Src\helmet.o
                0x20000040                bat_adc
 .bss.gabarit_flag
                0x20000044        0x4 Src\helmet.o
                0x20000044                gabarit_flag
 .bss.light_check_flag
                0x20000048        0x4 Src\helmet.o
                0x20000048                light_check_flag
 .bss.schet     0x2000004c        0x4 Src\helmet.o
                0x2000004c                schet
 .bss.bat_led_time
                0x20000050        0x4 Src\main.o
                0x20000050                bat_led_time
 .bss.connect_flag
                0x20000054        0x4 Src\main.o
                0x20000054                connect_flag
 .bss.my_addres
                0x20000058        0x4 Src\main.o
                0x20000058                my_addres
 .bss.pipe_num  0x2000005c        0x1 Src\main.o
                0x2000005c                pipe_num
 .bss.addr_width
                0x2000005d        0x1 Src\nrf24l01.o
                0x2000005d                addr_width
 .bss.payload_size
                0x2000005e        0x1 Src\nrf24l01.o
                0x2000005e                payload_size
 .bss.pipe0_reading_address
                0x2000005f        0x5 Src\nrf24l01.o
                0x2000005f                pipe0_reading_address
 .bss.txDelay   0x20000064        0x1 Src\nrf24l01.o
                0x20000064                txDelay
 *fill*         0x20000065        0x3 
 .bss.bat_lvl   0x20000068        0x4 Src\stm32f1xx_it.o
                0x20000068                bat_lvl
 .bss.sek       0x2000006c        0x4 Src\stm32f1xx_it.o
                0x2000006c                sek
 .bss.sek2      0x20000070        0x4 Src\stm32f1xx_it.o
                0x20000070                sek2
 *(COMMON)
 COMMON         0x20000074        0x4 Drivers\STM32F1xx_HAL_Driver\Src\stm32f1xx_hal.o
                0x20000074                uwTick
 COMMON         0x20000078      0x190 Src\helmet.o
                0x20000078                htim4
                0x200000b8                hadc2
                0x200000e8                htim3
                0x20000128                hadc1
                0x20000158                ANSW
                0x20000164                htim1
                0x200001a4                NRF
                0x200001c8                htim
 COMMON         0x20000208       0x98 Src\main.o
                0x20000208                hspi1
                0x20000260                htim2
 COMMON         0x200002a0        0x2 Src\nrf24l01.o
                0x200002a0                dynamic_payloads_enabled
                0x200002a1                p_variant
                0x200002a4                . = ALIGN (0x4)
 *fill*         0x200002a2        0x2 
                0x200002a4                _ebss = .
                0x200002a4                __bss_end__ = _ebss

._user_heap_stack
                0x200002a4      0x600 load address 0x080037d8
                0x200002a4                . = ALIGN (0x4)
                0x200002a4                PROVIDE (end, .)
                [!provide]                PROVIDE (_end, .)
                0x200004a4                . = (. + _Min_Heap_Size)
 *fill*         0x200002a4      0x200 
                0x200008a4                . = (. + _Min_Stack_Size)
 *fill*         0x200004a4      0x400 
                0x200008a4                . = ALIGN (0x4)

/DISCARD/
 libc.a(*)
 libm.a(*)
 libgcc.a(*)

.ARM.attributes
                0x00000000       0x29
 *(.ARM.attributes)
 .ARM.attributes
                0x00000000       0x1d c:/program files (x86)/atollic/truestudio for stm32 9.0.1/armtools/bin/../lib/gcc/arm-atollic-eabi/6.3.1/armv7-m/crti.o
 .ARM.attributes
                0x0000001d       0x2d c:/program files (x86)/atollic/truestudio for stm32 9.0.1/armtools/bin/../lib/gcc/arm-atollic-eabi/6.3.1/armv7-m/crtbegin.o
 .ARM.attributes
                0x0000004a       0x33 Drivers\STM32F1xx_HAL_Driver\Src\stm32f1xx_hal.o
 .ARM.attributes
                0x0000007d       0x33 Drivers\STM32F1xx_HAL_Driver\Src\stm32f1xx_hal_adc.o
 .ARM.attributes
                0x000000b0       0x33 Drivers\STM32F1xx_HAL_Driver\Src\stm32f1xx_hal_adc_ex.o
 .ARM.attributes
                0x000000e3       0x33 Drivers\STM32F1xx_HAL_Driver\Src\stm32f1xx_hal_cortex.o
 .ARM.attributes
                0x00000116       0x33 Drivers\STM32F1xx_HAL_Driver\Src\stm32f1xx_hal_gpio.o
 .ARM.attributes
                0x00000149       0x33 Drivers\STM32F1xx_HAL_Driver\Src\stm32f1xx_hal_rcc.o
 .ARM.attributes
                0x0000017c       0x33 Drivers\STM32F1xx_HAL_Driver\Src\stm32f1xx_hal_rcc_ex.o
 .ARM.attributes
                0x000001af       0x33 Drivers\STM32F1xx_HAL_Driver\Src\stm32f1xx_hal_spi.o
 .ARM.attributes
                0x000001e2       0x33 Drivers\STM32F1xx_HAL_Driver\Src\stm32f1xx_hal_tim.o
 .ARM.attributes
                0x00000215       0x33 Drivers\STM32F1xx_HAL_Driver\Src\stm32f1xx_hal_tim_ex.o
 .ARM.attributes
                0x00000248       0x33 Src\flash.o
 .ARM.attributes
                0x0000027b       0x33 Src\helmet.o
 .ARM.attributes
                0x000002ae       0x33 Src\main.o
 .ARM.attributes
                0x000002e1       0x33 Src\nrf24l01.o
 .ARM.attributes
                0x00000314       0x33 Src\stm32f1xx_hal_msp.o
 .ARM.attributes
                0x00000347       0x33 Src\stm32f1xx_it.o
 .ARM.attributes
                0x0000037a       0x33 Src\system_stm32f1xx.o
 .ARM.attributes
                0x000003ad       0x21 startup\startup_stm32f103xb.o
 .ARM.attributes
                0x000003ce       0x2d c:/program files (x86)/atollic/truestudio for stm32 9.0.1/armtools/bin/../lib/gcc/arm-atollic-eabi/6.3.1/../../../../arm-atollic-eabi/lib/armv7-m\libc_nano.a(lib_a-init.o)
 .ARM.attributes
                0x000003fb       0x2d c:/program files (x86)/atollic/truestudio for stm32 9.0.1/armtools/bin/../lib/gcc/arm-atollic-eabi/6.3.1/../../../../arm-atollic-eabi/lib/armv7-m\libc_nano.a(lib_a-memcpy-stub.o)
 .ARM.attributes
                0x00000428       0x2d c:/program files (x86)/atollic/truestudio for stm32 9.0.1/armtools/bin/../lib/gcc/arm-atollic-eabi/6.3.1/../../../../arm-atollic-eabi/lib/armv7-m\libc_nano.a(lib_a-memset.o)
 .ARM.attributes
                0x00000455       0x1d c:/program files (x86)/atollic/truestudio for stm32 9.0.1/armtools/bin/../lib/gcc/arm-atollic-eabi/6.3.1/armv7-m/crtn.o
OUTPUT(helmet_unit.elf elf32-littlearm)

.comment        0x00000000       0x7c
 .comment       0x00000000       0x7c Drivers\STM32F1xx_HAL_Driver\Src\stm32f1xx_hal.o
                                 0x7d (size before relaxing)
 .comment       0x0000007c       0x7d Drivers\STM32F1xx_HAL_Driver\Src\stm32f1xx_hal_adc.o
 .comment       0x0000007c       0x7d Drivers\STM32F1xx_HAL_Driver\Src\stm32f1xx_hal_adc_ex.o
 .comment       0x0000007c       0x7d Drivers\STM32F1xx_HAL_Driver\Src\stm32f1xx_hal_cortex.o
 .comment       0x0000007c       0x7d Drivers\STM32F1xx_HAL_Driver\Src\stm32f1xx_hal_gpio.o
 .comment       0x0000007c       0x7d Drivers\STM32F1xx_HAL_Driver\Src\stm32f1xx_hal_rcc.o
 .comment       0x0000007c       0x7d Drivers\STM32F1xx_HAL_Driver\Src\stm32f1xx_hal_rcc_ex.o
 .comment       0x0000007c       0x7d Drivers\STM32F1xx_HAL_Driver\Src\stm32f1xx_hal_spi.o
 .comment       0x0000007c       0x7d Drivers\STM32F1xx_HAL_Driver\Src\stm32f1xx_hal_tim.o
 .comment       0x0000007c       0x7d Drivers\STM32F1xx_HAL_Driver\Src\stm32f1xx_hal_tim_ex.o
 .comment       0x0000007c       0x7d Src\flash.o
 .comment       0x0000007c       0x7d Src\helmet.o
 .comment       0x0000007c       0x7d Src\main.o
 .comment       0x0000007c       0x7d Src\nrf24l01.o
 .comment       0x0000007c       0x7d Src\stm32f1xx_hal_msp.o
 .comment       0x0000007c       0x7d Src\stm32f1xx_it.o
 .comment       0x0000007c       0x7d Src\system_stm32f1xx.o

.debug_frame    0x00000000       0x74
 .debug_frame   0x00000000       0x2c c:/program files (x86)/atollic/truestudio for stm32 9.0.1/armtools/bin/../lib/gcc/arm-atollic-eabi/6.3.1/../../../../arm-atollic-eabi/lib/armv7-m\libc_nano.a(lib_a-init.o)
 .debug_frame   0x0000002c       0x28 c:/program files (x86)/atollic/truestudio for stm32 9.0.1/armtools/bin/../lib/gcc/arm-atollic-eabi/6.3.1/../../../../arm-atollic-eabi/lib/armv7-m\libc_nano.a(lib_a-memcpy-stub.o)
 .debug_frame   0x00000054       0x20 c:/program files (x86)/atollic/truestudio for stm32 9.0.1/armtools/bin/../lib/gcc/arm-atollic-eabi/6.3.1/../../../../arm-atollic-eabi/lib/armv7-m\libc_nano.a(lib_a-memset.o)
