Archive member included to satisfy reference by file (symbol)

c:/program files (x86)/atollic/truestudio for stm32 9.0.1/armtools/bin/../lib/gcc/arm-atollic-eabi/6.3.1/../../../../arm-atollic-eabi/lib/armv7-m\libc_nano.a(lib_a-errno.o)
                              Src\syscalls.o (__errno)
c:/program files (x86)/atollic/truestudio for stm32 9.0.1/armtools/bin/../lib/gcc/arm-atollic-eabi/6.3.1/../../../../arm-atollic-eabi/lib/armv7-m\libc_nano.a(lib_a-impure.o)
                              c:/program files (x86)/atollic/truestudio for stm32 9.0.1/armtools/bin/../lib/gcc/arm-atollic-eabi/6.3.1/../../../../arm-atollic-eabi/lib/armv7-m\libc_nano.a(lib_a-errno.o) (_impure_ptr)
c:/program files (x86)/atollic/truestudio for stm32 9.0.1/armtools/bin/../lib/gcc/arm-atollic-eabi/6.3.1/../../../../arm-atollic-eabi/lib/armv7-m\libc_nano.a(lib_a-init.o)
                              startup\startup_stm32f103xb.o (__libc_init_array)
c:/program files (x86)/atollic/truestudio for stm32 9.0.1/armtools/bin/../lib/gcc/arm-atollic-eabi/6.3.1/../../../../arm-atollic-eabi/lib/armv7-m\libc_nano.a(lib_a-memcpy-stub.o)
                              Src\nrf24l01.o (memcpy)
c:/program files (x86)/atollic/truestudio for stm32 9.0.1/armtools/bin/../lib/gcc/arm-atollic-eabi/6.3.1/../../../../arm-atollic-eabi/lib/armv7-m\libc_nano.a(lib_a-memset.o)
                              Drivers\STM32F1xx_HAL_Driver\Src\stm32f1xx_hal_rcc.o (memset)
c:/program files (x86)/atollic/truestudio for stm32 9.0.1/armtools/bin/../lib/gcc/arm-atollic-eabi/6.3.1/armv7-m\libgcc.a(_lshrdi3.o)
                              Drivers\STM32F1xx_HAL_Driver\Src\stm32f1xx_hal_flash.o (__aeabi_llsr)

Allocating common symbols
Common symbol       size              file

address             0x4               Src\motorcycle.o
htim4               0x40              Src\main.o
dynamic_payloads_enabled
                    0x1               Src\nrf24l01.o
hadc2               0x30              Src\main.o
helmet_address      0xc               Src\motorcycle.o
uwTick              0x4               Drivers\STM32F1xx_HAL_Driver\Src\stm32f1xx_hal.o
pFlash              0x20              Drivers\STM32F1xx_HAL_Driver\Src\stm32f1xx_hal_flash.o
ANSW                0xc               Src\main.o
htim1               0x40              Src\main.o
p_variant           0x1               Src\nrf24l01.o
hspi1               0x58              Src\main.o
htim2               0x40              Src\main.o
huart2              0x40              Src\main.o
NRF                 0x24              Src\main.o

Discarded input sections

 .text          0x00000000        0x0 c:/program files (x86)/atollic/truestudio for stm32 9.0.1/armtools/bin/../lib/gcc/arm-atollic-eabi/6.3.1/armv7-m/crti.o
 .data          0x00000000        0x0 c:/program files (x86)/atollic/truestudio for stm32 9.0.1/armtools/bin/../lib/gcc/arm-atollic-eabi/6.3.1/armv7-m/crti.o
 .bss           0x00000000        0x0 c:/program files (x86)/atollic/truestudio for stm32 9.0.1/armtools/bin/../lib/gcc/arm-atollic-eabi/6.3.1/armv7-m/crti.o
 .data          0x00000000        0x4 c:/program files (x86)/atollic/truestudio for stm32 9.0.1/armtools/bin/../lib/gcc/arm-atollic-eabi/6.3.1/armv7-m/crtbegin.o
 .text          0x00000000        0x0 Drivers\STM32F1xx_HAL_Driver\Src\stm32f1xx_hal.o
 .data          0x00000000        0x0 Drivers\STM32F1xx_HAL_Driver\Src\stm32f1xx_hal.o
 .bss           0x00000000        0x0 Drivers\STM32F1xx_HAL_Driver\Src\stm32f1xx_hal.o
 .text.HAL_MspInit
                0x00000000        0x2 Drivers\STM32F1xx_HAL_Driver\Src\stm32f1xx_hal.o
 .text.HAL_MspDeInit
                0x00000000        0x2 Drivers\STM32F1xx_HAL_Driver\Src\stm32f1xx_hal.o
 .text.HAL_DeInit
                0x00000000       0x20 Drivers\STM32F1xx_HAL_Driver\Src\stm32f1xx_hal.o
 .text.HAL_GetTickPrio
                0x00000000        0xc Drivers\STM32F1xx_HAL_Driver\Src\stm32f1xx_hal.o
 .text.HAL_SetTickFreq
                0x00000000       0x28 Drivers\STM32F1xx_HAL_Driver\Src\stm32f1xx_hal.o
 .text.HAL_GetTickFreq
                0x00000000        0xc Drivers\STM32F1xx_HAL_Driver\Src\stm32f1xx_hal.o
 .text.HAL_SuspendTick
                0x00000000       0x10 Drivers\STM32F1xx_HAL_Driver\Src\stm32f1xx_hal.o
 .text.HAL_ResumeTick
                0x00000000       0x10 Drivers\STM32F1xx_HAL_Driver\Src\stm32f1xx_hal.o
 .text.HAL_GetHalVersion
                0x00000000        0x8 Drivers\STM32F1xx_HAL_Driver\Src\stm32f1xx_hal.o
 .text.HAL_GetREVID
                0x00000000        0xc Drivers\STM32F1xx_HAL_Driver\Src\stm32f1xx_hal.o
 .text.HAL_GetDEVID
                0x00000000       0x10 Drivers\STM32F1xx_HAL_Driver\Src\stm32f1xx_hal.o
 .text.HAL_GetUIDw0
                0x00000000        0xc Drivers\STM32F1xx_HAL_Driver\Src\stm32f1xx_hal.o
 .text.HAL_GetUIDw1
                0x00000000        0xc Drivers\STM32F1xx_HAL_Driver\Src\stm32f1xx_hal.o
 .text.HAL_GetUIDw2
                0x00000000        0xc Drivers\STM32F1xx_HAL_Driver\Src\stm32f1xx_hal.o
[...]
Memory Configuration

Name             Origin             Length             Attributes
RAM              0x20000000         0x00005000         xrw
FLASH            0x08000000         0x00010000         xr
*default*        0x00000000         0xffffffff

Linker script and memory map

LOAD c:/program files (x86)/atollic/truestudio for stm32 9.0.1/armtools/bin/../lib/gcc/arm-atollic-eabi/6.3.1/armv7-m/crti.o
LOAD c:/program files (x86)/atollic/truestudio for stm32 9.0.1/armtools/bin/../lib/gcc/arm-atollic-eabi/6.3.1/armv7-m/crtbegin.o
LOAD Drivers\STM32F1xx_HAL_Driver\Src\stm32f1xx_hal.o
LOAD Drivers\STM32F1xx_HAL_Driver\Src\stm32f1xx_hal_adc.o
LOAD Drivers\STM32F1xx_HAL_Driver\Src\stm32f1xx_hal_adc_ex.o
LOAD Drivers\STM32F1xx_HAL_Driver\Src\stm32f1xx_hal_cortex.o
LOAD Drivers\STM32F1xx_HAL_Driver\Src\stm32f1xx_hal_dma.o
LOAD Drivers\STM32F1xx_HAL_Driver\Src\stm32f1xx_hal_exti.o
LOAD Drivers\STM32F1xx_HAL_Driver\Src\stm32f1xx_hal_flash.o
LOAD Drivers\STM32F1xx_HAL_Driver\Src\stm32f1xx_hal_flash_ex.o
LOAD Drivers\STM32F1xx_HAL_Driver\Src\stm32f1xx_hal_gpio.o
LOAD Drivers\STM32F1xx_HAL_Driver\Src\stm32f1xx_hal_gpio_ex.o
LOAD Drivers\STM32F1xx_HAL_Driver\Src\stm32f1xx_hal_pwr.o
LOAD Drivers\STM32F1xx_HAL_Driver\Src\stm32f1xx_hal_rcc.o
LOAD Drivers\STM32F1xx_HAL_Driver\Src\stm32f1xx_hal_rcc_ex.o
LOAD Drivers\STM32F1xx_HAL_Driver\Src\stm32f1xx_hal_spi.o
LOAD Drivers\STM32F1xx_HAL_Driver\Src\stm32f1xx_hal_tim.o
LOAD Drivers\STM32F1xx_HAL_Driver\Src\stm32f1xx_hal_tim_ex.o
LOAD Drivers\STM32F1xx_HAL_Driver\Src\stm32f1xx_hal_uart.o
LOAD Src\flash.o
LOAD Src\main.o
LOAD Src\motorcycle.o
LOAD Src\nrf24l01.o
LOAD Src\stm32f1xx_hal_msp.o
LOAD Src\stm32f1xx_it.o
LOAD Src\syscalls.o
LOAD Src\system_stm32f1xx.o
LOAD startup\startup_stm32f103xb.o
                0x00000080                malloc_getpagesize_P = 0x80
START GROUP
LOAD c:/program files (x86)/atollic/truestudio for stm32 9.0.1/armtools/bin/../lib/gcc/arm-atollic-eabi/6.3.1/../../../../arm-atollic-eabi/lib/armv7-m\libc_nano.a
LOAD c:/program files (x86)/atollic/truestudio for stm32 9.0.1/armtools/bin/../lib/gcc/arm-atollic-eabi/6.3.1/../../../../arm-atollic-eabi/lib/armv7-m\libm.a
END GROUP
START GROUP
LOAD c:/program files (x86)/atollic/truestudio for stm32 9.0.1/armtools/bin/../lib/gcc/arm-atollic-eabi/6.3.1/armv7-m\libgcc.a
LOAD c:/program files (x86)/atollic/truestudio for stm32 9.0.1/armtools/bin/../lib/gcc/arm-atollic-eabi/6.3.1/../../../../arm-atollic-eabi/lib/armv7-m\libc_nano.a
END GROUP
START GROUP
LOAD c:/program files (x86)/atollic/truestudio for stm32 9.0.1/armtools/bin/../lib/gcc/arm-atollic-eabi/6.3.1/armv7-m\libgcc.a
LOAD c:/program files (x86)/atollic/truestudio for stm32 9.0.1/armtools/bin/../lib/gcc/arm-atollic-eabi/6.3.1/../../../../arm-atollic-eabi/lib/armv7-m\libc_nano.a
LOAD c:/program files (x86)/atollic/truestudio for stm32 9.0.1/armtools/bin/../lib/gcc/arm-atollic-eabi/6.3.1/../../../../arm-atollic-eabi/lib/armv7-m\libnosys.a
END GROUP
START GROUP
LOAD c:/program files (x86)/atollic/truestudio for stm32 9.0.1/armtools/bin/../lib/gcc/arm-atollic-eabi/6.3.1/armv7-m\libgcc.a
LOAD c:/program files (x86)/atollic/truestudio for stm32 9.0.1/armtools/bin/../lib/gcc/arm-atollic-eabi/6.3.1/../../../../arm-atollic-eabi/lib/armv7-m\libc_nano.a
LOAD c:/program files (x86)/atollic/truestudio for stm32 9.0.1/armtools/bin/../lib/gcc/arm-atollic-eabi/6.3.1/../../../../arm-atollic-eabi/lib/armv7-m\libnosys.a
END GROUP
LOAD c:/program files (x86)/atollic/truestudio for stm32 9.0.1/armtools/bin/../lib/gcc/arm-atollic-eabi/6.3.1/armv7-m/crtend.o
LOAD c:/program files (x86)/atollic/truestudio for stm32 9.0.1/armtools/bin/../lib/gcc/arm-atollic-eabi/6.3.1/armv7-m/crtn.o
                0x20005000                _estack = 0x20005000
                0x00000200                _Min_Heap_Size = 0x200
                0x00000400                _Min_Stack_Size = 0x400

.isr_vector     0x08000000      0x10c
                0x08000000                . = ALIGN (0x4)
 *(.isr_vector)
 .isr_vector    0x08000000      0x10c startup\startup_stm32f103xb.o
                0x08000000                g_pfnVectors
                0x0800010c                . = ALIGN (0x4)

.text           0x08000110     0x2744
                0x08000110                . = ALIGN (0x4)
 *(.text)
 .text          0x08000110       0x40 c:/program files (x86)/atollic/truestudio for stm32 9.0.1/armtools/bin/../lib/gcc/arm-atollic-eabi/6.3.1/armv7-m/crtbegin.o
 *(.text*)
 .text.HAL_InitTick
                0x08000150       0x48 Drivers\STM32F1xx_HAL_Driver\Src\stm32f1xx_hal.o
                0x08000150                HAL_InitTick
 .text.HAL_Init
                0x08000198       0x24 Drivers\STM32F1xx_HAL_Driver\Src\stm32f1xx_hal.o
                0x08000198                HAL_Init
 .text.HAL_IncTick
                0x080001bc       0x18 Drivers\STM32F1xx_HAL_Driver\Src\stm32f1xx_hal.o
                0x080001bc                HAL_IncTick
 .text.HAL_GetTick
                0x080001d4        0xc Drivers\STM32F1xx_HAL_Driver\Src\stm32f1xx_hal.o
                0x080001d4                HAL_GetTick
 .text.HAL_Delay
                0x080001e0       0x24 Drivers\STM32F1xx_HAL_Driver\Src\stm32f1xx_hal.o
                0x080001e0                HAL_Delay
 .text.HAL_ADC_ConfigChannel
                0x08000204      0x108 Drivers\STM32F1xx_HAL_Driver\Src\stm32f1xx_hal_adc.o
                0x08000204                HAL_ADC_ConfigChannel
 .text.ADC_ConversionStop_Disable
                0x0800030c       0x44 Drivers\STM32F1xx_HAL_Driver\Src\stm32f1xx_hal_adc.o
                0x0800030c                ADC_ConversionStop_Disable
 .text.HAL_ADC_Init
                0x08000350      0x100 Drivers\STM32F1xx_HAL_Driver\Src\stm32f1xx_hal_adc.o
                0x08000350                HAL_ADC_Init
 .text.HAL_NVIC_SetPriorityGrouping
                0x08000450       0x24 Drivers\STM32F1xx_HAL_Driver\Src\stm32f1xx_hal_cortex.o
                0x08000450                HAL_NVIC_SetPriorityGrouping
 .text.HAL_NVIC_SetPriority
                0x08000474       0x68 Drivers\STM32F1xx_HAL_Driver\Src\stm32f1xx_hal_cortex.o
                0x08000474                HAL_NVIC_SetPriority
 .text.HAL_NVIC_EnableIRQ
                0x080004dc       0x1c Drivers\STM32F1xx_HAL_Driver\Src\stm32f1xx_hal_cortex.o
                0x080004dc                HAL_NVIC_EnableIRQ
 .text.HAL_SYSTICK_Config
                0x080004f8       0x2c Drivers\STM32F1xx_HAL_Driver\Src\stm32f1xx_hal_cortex.o
                0x080004f8                HAL_SYSTICK_Config
 .text.HAL_GPIO_Init
                0x08000524      0x1c4 Drivers\STM32F1xx_HAL_Driver\Src\stm32f1xx_hal_gpio.o
                0x08000524                HAL_GPIO_Init
 .text.HAL_GPIO_ReadPin
                0x080006e8        0xc Drivers\STM32F1xx_HAL_Driver\Src\stm32f1xx_hal_gpio.o
                0x080006e8                HAL_GPIO_ReadPin
 .text.HAL_GPIO_WritePin
                0x080006f4        0xa Drivers\STM32F1xx_HAL_Driver\Src\stm32f1xx_hal_gpio.o
                0x080006f4                HAL_GPIO_WritePin
 *fill*         0x080006fe        0x2 
 .text.HAL_GPIO_EXTI_IRQHandler
                0x08000700       0x18 Drivers\STM32F1xx_HAL_Driver\Src\stm32f1xx_hal_gpio.o
                0x08000700                HAL_GPIO_EXTI_IRQHandler
 .text.HAL_PWR_PVDCallback
                0x08000718        0x2 Drivers\STM32F1xx_HAL_Driver\Src\stm32f1xx_hal_pwr.o
                0x08000718                HAL_PWR_PVDCallback
 *fill*         0x0800071a        0x2 
 .text.HAL_PWR_PVD_IRQHandler
                0x0800071c       0x1c Drivers\STM32F1xx_HAL_Driver\Src\stm32f1xx_hal_pwr.o
                0x0800071c                HAL_PWR_PVD_IRQHandler
 .text.HAL_RCC_OscConfig
                0x08000738      0x33c Drivers\STM32F1xx_HAL_Driver\Src\stm32f1xx_hal_rcc.o
                0x08000738                HAL_RCC_OscConfig
 .text.HAL_RCC_GetSysClockFreq
                0x08000a74       0x78 Drivers\STM32F1xx_HAL_Driver\Src\stm32f1xx_hal_rcc.o
                0x08000a74                HAL_RCC_GetSysClockFreq
 .text.HAL_RCC_ClockConfig
                0x08000aec      0x13c Drivers\STM32F1xx_HAL_Driver\Src\stm32f1xx_hal_rcc.o
                0x08000aec                HAL_RCC_ClockConfig
 .text.HAL_RCC_GetPCLK1Freq
                0x08000c28       0x20 Drivers\STM32F1xx_HAL_Driver\Src\stm32f1xx_hal_rcc.o
                0x08000c28                HAL_RCC_GetPCLK1Freq
 .text.HAL_RCC_GetPCLK2Freq
                0x08000c48       0x20 Drivers\STM32F1xx_HAL_Driver\Src\stm32f1xx_hal_rcc.o
                0x08000c48                HAL_RCC_GetPCLK2Freq
 .text.HAL_RCCEx_PeriphCLKConfig
                0x08000c68       0xf0 Drivers\STM32F1xx_HAL_Driver\Src\stm32f1xx_hal_rcc_ex.o
                0x08000c68                HAL_RCCEx_PeriphCLKConfig
 .text.SPI_WaitFlagStateUntilTimeout.constprop.8
                0x08000d58       0x76 Drivers\STM32F1xx_HAL_Driver\Src\stm32f1xx_hal_spi.o
 .text.SPI_EndRxTransaction
                0x08000dce       0x4e Drivers\STM32F1xx_HAL_Driver\Src\stm32f1xx_hal_spi.o
 .text.SPI_EndRxTxTransaction
                0x08000e1c       0x1c Drivers\STM32F1xx_HAL_Driver\Src\stm32f1xx_hal_spi.o
 .text.HAL_SPI_Init
                0x08000e38       0x76 Drivers\STM32F1xx_HAL_Driver\Src\stm32f1xx_hal_spi.o
                0x08000e38                HAL_SPI_Init
 .text.HAL_SPI_Transmit
                0x08000eae      0x152 Drivers\STM32F1xx_HAL_Driver\Src\stm32f1xx_hal_spi.o
                0x08000eae                HAL_SPI_Transmit
 .text.HAL_SPI_TransmitReceive
                0x08001000      0x1e0 Drivers\STM32F1xx_HAL_Driver\Src\stm32f1xx_hal_spi.o
                0x08001000                HAL_SPI_TransmitReceive
 .text.HAL_SPI_Receive
                0x080011e0      0x12e Drivers\STM32F1xx_HAL_Driver\Src\stm32f1xx_hal_spi.o
                0x080011e0                HAL_SPI_Receive
 *fill*         0x0800130e        0x2 
 .text.TIM_OC1_SetConfig
                0x08001310       0x50 Drivers\STM32F1xx_HAL_Driver\Src\stm32f1xx_hal_tim.o
 .text.TIM_OC3_SetConfig
                0x08001360       0x54 Drivers\STM32F1xx_HAL_Driver\Src\stm32f1xx_hal_tim.o
 .text.TIM_OC4_SetConfig
                0x080013b4       0x44 Drivers\STM32F1xx_HAL_Driver\Src\stm32f1xx_hal_tim.o
 .text.HAL_TIM_Base_Start
                0x080013f8       0x24 Drivers\STM32F1xx_HAL_Driver\Src\stm32f1xx_hal_tim.o
                0x080013f8                HAL_TIM_Base_Start
 .text.HAL_TIM_Base_Start_IT
                0x0800141c       0x20 Drivers\STM32F1xx_HAL_Driver\Src\stm32f1xx_hal_tim.o
                0x0800141c                HAL_TIM_Base_Start_IT
 .text.HAL_TIM_Base_Stop_IT
                0x0800143c       0x2a Drivers\STM32F1xx_HAL_Driver\Src\stm32f1xx_hal_tim.o
                0x0800143c                HAL_TIM_Base_Stop_IT
 .text.HAL_TIM_PeriodElapsedCallback
                0x08001466        0x2 Drivers\STM32F1xx_HAL_Driver\Src\stm32f1xx_hal_tim.o
                0x08001466                HAL_TIM_PeriodElapsedCallback
 .text.HAL_TIM_OC_DelayElapsedCallback
                0x08001468        0x2 Drivers\STM32F1xx_HAL_Driver\Src\stm32f1xx_hal_tim.o
                0x08001468                HAL_TIM_OC_DelayElapsedCallback
 .text.HAL_TIM_IC_CaptureCallback
                0x0800146a        0x2 Drivers\STM32F1xx_HAL_Driver\Src\stm32f1xx_hal_tim.o
                0x0800146a                HAL_TIM_IC_CaptureCallback
 .text.HAL_TIM_PWM_PulseFinishedCallback
                0x0800146c        0x2 Drivers\STM32F1xx_HAL_Driver\Src\stm32f1xx_hal_tim.o
                0x0800146c                HAL_TIM_PWM_PulseFinishedCallback
 .text.HAL_TIM_TriggerCallback
                0x0800146e        0x2 Drivers\STM32F1xx_HAL_Driver\Src\stm32f1xx_hal_tim.o
                0x0800146e                HAL_TIM_TriggerCallback
 .text.HAL_TIM_IRQHandler
                0x08001470      0x144 Drivers\STM32F1xx_HAL_Driver\Src\stm32f1xx_hal_tim.o
                0x08001470                HAL_TIM_IRQHandler
 .text.TIM_Base_SetConfig
                0x080015b4       0x70 Drivers\STM32F1xx_HAL_Driver\Src\stm32f1xx_hal_tim.o
                0x080015b4                TIM_Base_SetConfig
 .text.HAL_TIM_OC_Init
                0x08001624       0x34 Drivers\STM32F1xx_HAL_Driver\Src\stm32f1xx_hal_tim.o
                0x08001624                HAL_TIM_OC_Init
 .text.TIM_OC2_SetConfig
                0x08001658       0x58 Drivers\STM32F1xx_HAL_Driver\Src\stm32f1xx_hal_tim.o
                0x08001658                TIM_OC2_SetConfig
 .text.HAL_TIM_OC_ConfigChannel
                0x080016b0       0x5c Drivers\STM32F1xx_HAL_Driver\Src\stm32f1xx_hal_tim.o
                0x080016b0                HAL_TIM_OC_ConfigChannel
 .text.HAL_TIMEx_MasterConfigSynchronization
                0x0800170c       0x3c Drivers\STM32F1xx_HAL_Driver\Src\stm32f1xx_hal_tim_ex.o
                0x0800170c                HAL_TIMEx_MasterConfigSynchronization
 .text.HAL_TIMEx_ConfigBreakDeadTime
                0x08001748       0x4c Drivers\STM32F1xx_HAL_Driver\Src\stm32f1xx_hal_tim_ex.o
                0x08001748                HAL_TIMEx_ConfigBreakDeadTime
 .text.HAL_TIMEx_CommutCallback
                0x08001794        0x2 Drivers\STM32F1xx_HAL_Driver\Src\stm32f1xx_hal_tim_ex.o
                0x08001794                HAL_TIMEx_CommutCallback
 .text.HAL_TIMEx_BreakCallback
                0x08001796        0x2 Drivers\STM32F1xx_HAL_Driver\Src\stm32f1xx_hal_tim_ex.o
                0x08001796                HAL_TIMEx_BreakCallback
 .text.UART_SetConfig
                0x08001798       0x74 Drivers\STM32F1xx_HAL_Driver\Src\stm32f1xx_hal_uart.o
 .text.HAL_UART_Init
                0x0800180c       0x5c Drivers\STM32F1xx_HAL_Driver\Src\stm32f1xx_hal_uart.o
                0x0800180c                HAL_UART_Init
 .text.SystemClock_Config
                0x08001868       0x70 Src\main.o
                0x08001868                SystemClock_Config
 .text.startup.main
                0x080018d8      0x398 Src\main.o
                0x080018d8                main
 .text.HAL_GPIO_EXTI_Callback
                0x08001c70       0xa0 Src\main.o
                0x08001c70                HAL_GPIO_EXTI_Callback
 .text.ADVERTIZE
                0x08001d10       0x94 Src\motorcycle.o
                0x08001d10                ADVERTIZE
 .text.HELMET_SEARCH
                0x08001da4       0x98 Src\motorcycle.o
                0x08001da4                HELMET_SEARCH
 .text.unique_id
                0x08001e3c       0x2c Src\motorcycle.o
                0x08001e3c                unique_id
 .text.WORK     0x08001e68       0x98 Src\motorcycle.o
                0x08001e68                WORK
 .text.DWT_Init
                0x08001f00       0x20 Src\nrf24l01.o
                0x08001f00                DWT_Init
 .text.delay_us
                0x08001f20       0x28 Src\nrf24l01.o
                0x08001f20                delay_us
 .text.csn      0x08001f48       0x1c Src\nrf24l01.o
                0x08001f48                csn
 .text.ce       0x08001f64       0x10 Src\nrf24l01.o
                0x08001f64                ce
 .text.read_register
                0x08001f74       0x4c Src\nrf24l01.o
                0x08001f74                read_register
 .text.write_registerMy
                0x08001fc0       0x54 Src\nrf24l01.o
                0x08001fc0                write_registerMy
 .text.write_register
                0x08002014       0x58 Src\nrf24l01.o
                0x08002014                write_register
 .text.write_payload
                0x0800206c       0x84 Src\nrf24l01.o
                0x0800206c                write_payload
 .text.read_payload
                0x080020f0       0x7c Src\nrf24l01.o
                0x080020f0                read_payload
 .text.spiTrans
                0x0800216c       0x3c Src\nrf24l01.o
                0x0800216c                spiTrans
 .text.flush_rx
                0x080021a8        0x6 Src\nrf24l01.o
                0x080021a8                flush_rx
 .text.flush_tx
                0x080021ae        0x6 Src\nrf24l01.o
                0x080021ae                flush_tx
 .text.get_status
                0x080021b4        0x6 Src\nrf24l01.o
                0x080021b4                get_status
 .text.setChannel
                0x080021ba        0x8 Src\nrf24l01.o
                0x080021ba                setChannel
 .text.isChipConnected
                0x080021c2       0x16 Src\nrf24l01.o
                0x080021c2                isChipConnected
 .text.powerUp  0x080021d8       0x26 Src\nrf24l01.o
                0x080021d8                powerUp
 .text.startFastWrite
                0x080021fe       0x1e Src\nrf24l01.o
                0x080021fe                startFastWrite
 .text.write    0x0800221c       0x32 Src\nrf24l01.o
                0x0800221c                write
 .text.read     0x0800224e       0x12 Src\nrf24l01.o
                0x0800224e                read
 .text.openWritingPipe
                0x08002260       0x34 Src\nrf24l01.o
                0x08002260                openWritingPipe
 .text.toggle_features
                0x08002294       0x3c Src\nrf24l01.o
                0x08002294                toggle_features
 .text.enableDynamicPayloads
                0x080022d0       0x34 Src\nrf24l01.o
                0x080022d0                enableDynamicPayloads
 .text.enableAckPayload
                0x08002304       0x34 Src\nrf24l01.o
                0x08002304                enableAckPayload
 .text.isAckPayloadAvailable
                0x08002338       0x10 Src\nrf24l01.o
                0x08002338                isAckPayloadAvailable
 .text.setAutoAck
                0x08002348        0xc Src\nrf24l01.o
                0x08002348                setAutoAck
 .text.setPALevel
                0x08002354       0x2a Src\nrf24l01.o
                0x08002354                setPALevel
 *fill*         0x0800237e        0x2 
 .text.setDataRate
                0x08002380       0x44 Src\nrf24l01.o
                0x08002380                setDataRate
 .text.NRF_Init
                0x080023c4       0xc4 Src\nrf24l01.o
                0x080023c4                NRF_Init
 .text.HAL_MspInit
                0x08002488       0x54 Src\stm32f1xx_hal_msp.o
                0x08002488                HAL_MspInit
 .text.HAL_ADC_MspInit
                0x080024dc       0x5c Src\stm32f1xx_hal_msp.o
                0x080024dc                HAL_ADC_MspInit
 .text.HAL_SPI_MspInit
                0x08002538       0x74 Src\stm32f1xx_hal_msp.o
                0x08002538                HAL_SPI_MspInit
 .text.HAL_TIM_OC_MspInit
                0x080025ac       0x94 Src\stm32f1xx_hal_msp.o
                0x080025ac                HAL_TIM_OC_MspInit
 .text.HAL_UART_MspInit
                0x08002640       0x74 Src\stm32f1xx_hal_msp.o
                0x08002640                HAL_UART_MspInit
 .text.NMI_Handler
                0x080026b4        0x2 Src\stm32f1xx_it.o
                0x080026b4                NMI_Handler
 .text.HardFault_Handler
                0x080026b6        0x2 Src\stm32f1xx_it.o
                0x080026b6                HardFault_Handler
 .text.MemManage_Handler
                0x080026b8        0x2 Src\stm32f1xx_it.o
                0x080026b8                MemManage_Handler
 .text.BusFault_Handler
                0x080026ba        0x2 Src\stm32f1xx_it.o
                0x080026ba                BusFault_Handler
 .text.UsageFault_Handler
                0x080026bc        0x2 Src\stm32f1xx_it.o
                0x080026bc                UsageFault_Handler
 .text.SVC_Handler
                0x080026be        0x2 Src\stm32f1xx_it.o
                0x080026be                SVC_Handler
 .text.DebugMon_Handler
                0x080026c0        0x2 Src\stm32f1xx_it.o
                0x080026c0                DebugMon_Handler
 .text.PendSV_Handler
                0x080026c2        0x2 Src\stm32f1xx_it.o
                0x080026c2                PendSV_Handler
 .text.SysTick_Handler
                0x080026c4        0x4 Src\stm32f1xx_it.o
                0x080026c4                SysTick_Handler
 .text.PVD_IRQHandler
                0x080026c8        0x4 Src\stm32f1xx_it.o
                0x080026c8                PVD_IRQHandler
 .text.EXTI1_IRQHandler
                0x080026cc        0x6 Src\stm32f1xx_it.o
                0x080026cc                EXTI1_IRQHandler
 .text.EXTI3_IRQHandler
                0x080026d2        0x6 Src\stm32f1xx_it.o
                0x080026d2                EXTI3_IRQHandler
 .text.EXTI4_IRQHandler
                0x080026d8        0x6 Src\stm32f1xx_it.o
                0x080026d8                EXTI4_IRQHandler
 .text.EXTI9_5_IRQHandler
                0x080026de        0x6 Src\stm32f1xx_it.o
                0x080026de                EXTI9_5_IRQHandler
 .text.TIM1_CC_IRQHandler
                0x080026e4        0xc Src\stm32f1xx_it.o
                0x080026e4                TIM1_CC_IRQHandler
 .text.TIM2_IRQHandler
                0x080026f0       0x2c Src\stm32f1xx_it.o
                0x080026f0                TIM2_IRQHandler
 .text.TIM4_IRQHandler
                0x0800271c       0x28 Src\stm32f1xx_it.o
                0x0800271c                TIM4_IRQHandler
 .text.EXTI15_10_IRQHandler
                0x08002744        0x8 Src\stm32f1xx_it.o
                0x08002744                EXTI15_10_IRQHandler
 .text.SystemInit
                0x0800274c       0x4c Src\system_stm32f1xx.o
                0x0800274c                SystemInit
 .text.Reset_Handler
                0x08002798       0x48 startup\startup_stm32f103xb.o
                0x08002798                Reset_Handler
 .text.Default_Handler
                0x080027e0        0x2 startup\startup_stm32f103xb.o
                0x080027e0                RTC_Alarm_IRQHandler
                0x080027e0                EXTI2_IRQHandler
                0x080027e0                EXTI0_IRQHandler
                0x080027e0                I2C2_EV_IRQHandler
                0x080027e0                ADC1_2_IRQHandler
                0x080027e0                SPI1_IRQHandler
                0x080027e0                TAMPER_IRQHandler
                0x080027e0                DMA1_Channel4_IRQHandler
                0x080027e0                USART3_IRQHandler
                0x080027e0                RTC_IRQHandler
                0x080027e0                DMA1_Channel7_IRQHandler
                0x080027e0                CAN1_RX1_IRQHandler
                0x080027e0                I2C1_EV_IRQHandler
                0x080027e0                DMA1_Channel6_IRQHandler
                0x080027e0                TIM3_IRQHandler
                0x080027e0                RCC_IRQHandler
                0x080027e0                TIM1_TRG_COM_IRQHandler
                0x080027e0                DMA1_Channel1_IRQHandler
                0x080027e0                Default_Handler
                0x080027e0                SPI2_IRQHandler
                0x080027e0                DMA1_Channel5_IRQHandler
                0x080027e0                USB_LP_CAN1_RX0_IRQHandler
                0x080027e0                USB_HP_CAN1_TX_IRQHandler
                0x080027e0                DMA1_Channel3_IRQHandler
                0x080027e0                TIM1_UP_IRQHandler
                0x080027e0                WWDG_IRQHandler
                0x080027e0                TIM1_BRK_IRQHandler
                0x080027e0                USART2_IRQHandler
                0x080027e0                I2C2_ER_IRQHandler
                0x080027e0                DMA1_Channel2_IRQHandler
                0x080027e0                CAN1_SCE_IRQHandler
                0x080027e0                FLASH_IRQHandler
                0x080027e0                USART1_IRQHandler
                0x080027e0                I2C1_ER_IRQHandler
                0x080027e0                USBWakeUp_IRQHandler
 *fill*         0x080027e2        0x2 
 .text.__libc_init_array
                0x080027e4       0x48 c:/program files (x86)/atollic/truestudio for stm32 9.0.1/armtools/bin/../lib/gcc/arm-atollic-eabi/6.3.1/../../../../arm-atollic-eabi/lib/armv7-m\libc_nano.a(lib_a-init.o)
                0x080027e4                __libc_init_array
 .text.memset   0x0800282c       0x10 c:/program files (x86)/atollic/truestudio for stm32 9.0.1/armtools/bin/../lib/gcc/arm-atollic-eabi/6.3.1/../../../../arm-atollic-eabi/lib/armv7-m\libc_nano.a(lib_a-memset.o)
                0x0800282c                memset
 *(.glue_7)
 .glue_7        0x0800283c        0x0 linker stubs
 *(.glue_7t)
 .glue_7t       0x0800283c        0x0 linker stubs
 *(.eh_frame)
 .eh_frame      0x0800283c        0x0 c:/program files (x86)/atollic/truestudio for stm32 9.0.1/armtools/bin/../lib/gcc/arm-atollic-eabi/6.3.1/armv7-m/crtbegin.o
 *(.init)
 .init          0x0800283c        0x4 c:/program files (x86)/atollic/truestudio for stm32 9.0.1/armtools/bin/../lib/gcc/arm-atollic-eabi/6.3.1/armv7-m/crti.o
                0x0800283c                _init
 .init          0x08002840        0x8 c:/program files (x86)/atollic/truestudio for stm32 9.0.1/armtools/bin/../lib/gcc/arm-atollic-eabi/6.3.1/armv7-m/crtn.o
 *(.fini)
 .fini          0x08002848        0x4 c:/program files (x86)/atollic/truestudio for stm32 9.0.1/armtools/bin/../lib/gcc/arm-atollic-eabi/6.3.1/armv7-m/crti.o
                0x08002848                _fini
 .fini          0x0800284c        0x8 c:/program files (x86)/atollic/truestudio for stm32 9.0.1/armtools/bin/../lib/gcc/arm-atollic-eabi/6.3.1/armv7-m/crtn.o
                0x08002854                . = ALIGN (0x4)
                0x08002854                _etext = .

.vfp11_veneer   0x08002854        0x0
 .vfp11_veneer  0x08002854        0x0 linker stubs

.v4_bx          0x08002854        0x0
 .v4_bx         0x08002854        0x0 linker stubs

.iplt           0x08002854        0x0
 .iplt          0x08002854        0x0 c:/program files (x86)/atollic/truestudio for stm32 9.0.1/armtools/bin/../lib/gcc/arm-atollic-eabi/6.3.1/armv7-m/crtbegin.o

.rodata         0x08002854       0x28
                0x08002854                . = ALIGN (0x4)
 *(.rodata)
 .rodata        0x08002854       0x10 Drivers\STM32F1xx_HAL_Driver\Src\stm32f1xx_hal_rcc.o
 *(.rodata*)
 .rodata.AHBPrescTable
                0x08002864       0x10 Src\system_stm32f1xx.o
                0x08002864                AHBPrescTable
 .rodata.APBPrescTable
                0x08002874        0x8 Src\system_stm32f1xx.o
                0x08002874                APBPrescTable
                0x0800287c                . = ALIGN (0x4)

.rel.dyn        0x0800287c        0x0
 .rel.iplt      0x0800287c        0x0 c:/program files (x86)/atollic/truestudio for stm32 9.0.1/armtools/bin/../lib/gcc/arm-atollic-eabi/6.3.1/armv7-m/crtbegin.o

.ARM.extab
 *(.ARM.extab* .gnu.linkonce.armextab.*)

.ARM            0x0800287c        0x0
                0x0800287c                __exidx_start = .
 *(.ARM.exidx*)
                0x0800287c                __exidx_end = .

.preinit_array  0x0800287c        0x0
                0x0800287c                PROVIDE (__preinit_array_start, .)
 *(.preinit_array*)
                0x0800287c                PROVIDE (__preinit_array_end, .)

.init_array     0x0800287c        0x4
                0x0800287c                PROVIDE (__init_array_start, .)
 *(SORT(.init_array.*))
 *(.init_array*)
 .init_array    0x0800287c        0x4 c:/program files (x86)/atollic/truestudio for stm32 9.0.1/armtools/bin/../lib/gcc/arm-atollic-eabi/6.3.1/armv7-m/crtbegin.o
                0x08002880                PROVIDE (__init_array_end, .)

.fini_array     0x08002880        0x4
                [!provide]                PROVIDE (__fini_array_start, .)
 *(SORT(.fini_array.*))
 *(.fini_array*)
 .fini_array    0x08002880        0x4 c:/program files (x86)/atollic/truestudio for stm32 9.0.1/armtools/bin/../lib/gcc/arm-atollic-eabi/6.3.1/armv7-m/crtbegin.o
                [!provide]                PROVIDE (__fini_array_end, .)
                0x08002884                _sidata = LOADADDR (.data)

.data           0x20000000        0xc load address 0x08002884
                0x20000000                . = ALIGN (0x4)
                0x20000000                _sdata = .
 *(.data)
 *(.data*)
 .data.uwTickFreq
                0x20000000        0x1 Drivers\STM32F1xx_HAL_Driver\Src\stm32f1xx_hal.o
                0x20000000                uwTickFreq
 *fill*         0x20000001        0x3 
 .data.uwTickPrio
                0x20000004        0x4 Drivers\STM32F1xx_HAL_Driver\Src\stm32f1xx_hal.o
                0x20000004                uwTickPrio
 .data.SystemCoreClock
                0x20000008        0x4 Src\system_stm32f1xx.o
                0x20000008                SystemCoreClock
                0x2000000c                . = ALIGN (0x4)
                0x2000000c                _edata = .

.igot.plt       0x2000000c        0x0 load address 0x08002890
 .igot.plt      0x2000000c        0x0 c:/program files (x86)/atollic/truestudio for stm32 9.0.1/armtools/bin/../lib/gcc/arm-atollic-eabi/6.3.1/armv7-m/crtbegin.o
                0x2000000c                . = ALIGN (0x4)

.bss            0x2000000c      0x208 load address 0x08002890
                0x2000000c                _sbss = .
                0x2000000c                __bss_start__ = _sbss
 *(.bss)
 .bss           0x2000000c       0x1c c:/program files (x86)/atollic/truestudio for stm32 9.0.1/armtools/bin/../lib/gcc/arm-atollic-eabi/6.3.1/armv7-m/crtbegin.o
 *(.bss*)
 .bss.advertize_flag
                0x20000028        0x4 Src\main.o
                0x20000028                advertize_flag
 .bss.helmet_numbers
                0x2000002c        0x4 Src\motorcycle.o
                0x2000002c                helmet_numbers
 .bss.search_flag
                0x20000030        0x4 Src\motorcycle.o
                0x20000030                search_flag
 .bss.addr_width
                0x20000034        0x1 Src\nrf24l01.o
                0x20000034                addr_width
 .bss.payload_size
                0x20000035        0x1 Src\nrf24l01.o
                0x20000035                payload_size
 .bss.pipe0_reading_address
                0x20000036        0x5 Src\nrf24l01.o
                0x20000036                pipe0_reading_address
 .bss.txDelay   0x2000003b        0x1 Src\nrf24l01.o
                0x2000003b                txDelay
 .bss.c         0x2000003c        0x4 Src\stm32f1xx_it.o
                0x2000003c                c
 .bss.sek       0x20000040        0x4 Src\stm32f1xx_it.o
                0x20000040                sek
 *(COMMON)
 COMMON         0x20000044        0x4 Drivers\STM32F1xx_HAL_Driver\Src\stm32f1xx_hal.o
                0x20000044                uwTick
 COMMON         0x20000048      0x1b8 Src\main.o
                0x20000048                htim4
                0x20000088                hadc2
                0x200000b8                ANSW
                0x200000c4                htim1
                0x20000104                hspi1
                0x2000015c                htim2
                0x2000019c                huart2
                0x200001dc                NRF
 COMMON         0x20000200       0x10 Src\motorcycle.o
                0x20000200                address
                0x20000204                helmet_address
 COMMON         0x20000210        0x2 Src\nrf24l01.o
                0x20000210                dynamic_payloads_enabled
                0x20000211                p_variant
                0x20000214                . = ALIGN (0x4)
 *fill*         0x20000212        0x2 
                0x20000214                _ebss = .
                0x20000214                __bss_end__ = _ebss

._user_heap_stack
                0x20000214      0x600 load address 0x08002890
                0x20000214                . = ALIGN (0x4)
                0x20000214                PROVIDE (end, .)
                [!provide]                PROVIDE (_end, .)
                0x20000414                . = (. + _Min_Heap_Size)
 *fill*         0x20000214      0x200 
                0x20000814                . = (. + _Min_Stack_Size)
 *fill*         0x20000414      0x400 
                0x20000814                . = ALIGN (0x4)

/DISCARD/
 libc.a(*)
 libm.a(*)
 libgcc.a(*)

.ARM.attributes
                0x00000000       0x29
 *(.ARM.attributes)
 .ARM.attributes
                0x00000000       0x1d c:/program files (x86)/atollic/truestudio for stm32 9.0.1/armtools/bin/../lib/gcc/arm-atollic-eabi/6.3.1/armv7-m/crti.o
 .ARM.attributes
                0x0000001d       0x2d c:/program files (x86)/atollic/truestudio for stm32 9.0.1/armtools/bin/../lib/gcc/arm-atollic-eabi/6.3.1/armv7-m/crtbegin.o
 .ARM.attributes
                0x0000004a       0x33 Drivers\STM32F1xx_HAL_Driver\Src\stm32f1xx_hal.o
 .ARM.attributes
                0x0000007d       0x33 Drivers\STM32F1xx_HAL_Driver\Src\stm32f1xx_hal_adc.o
 .ARM.attributes
                0x000000b0       0x33 Drivers\STM32F1xx_HAL_Driver\Src\stm32f1xx_hal_cortex.o
 .ARM.attributes
                0x000000e3       0x33 Drivers\STM32F1xx_HAL_Driver\Src\stm32f1xx_hal_gpio.o
 .ARM.attributes
                0x00000116       0x33 Drivers\STM32F1xx_HAL_Driver\Src\stm32f1xx_hal_pwr.o
 .ARM.attributes
                0x00000149       0x33 Drivers\STM32F1xx_HAL_Driver\Src\stm32f1xx_hal_rcc.o
 .ARM.attributes
                0x0000017c       0x33 Drivers\STM32F1xx_HAL_Driver\Src\stm32f1xx_hal_rcc_ex.o
 .ARM.attributes
                0x000001af       0x33 Drivers\STM32F1xx_HAL_Driver\Src\stm32f1xx_hal_spi.o
 .ARM.attributes
                0x000001e2       0x33 Drivers\STM32F1xx_HAL_Driver\Src\stm32f1xx_hal_tim.o
 .ARM.attributes
                0x00000215       0x33 Drivers\STM32F1xx_HAL_Driver\Src\stm32f1xx_hal_tim_ex.o
 .ARM.attributes
                0x00000248       0x33 Drivers\STM32F1xx_HAL_Driver\Src\stm32f1xx_hal_uart.o
 .ARM.attributes
                0x0000027b       0x33 Src\main.o
 .ARM.attributes
                0x000002ae       0x33 Src\motorcycle.o
 .ARM.attributes
                0x000002e1       0x33 Src\nrf24l01.o
 .ARM.attributes
                0x00000314       0x33 Src\stm32f1xx_hal_msp.o
 .ARM.attributes
                0x00000347       0x33 Src\stm32f1xx_it.o
 .ARM.attributes
                0x0000037a       0x33 Src\system_stm32f1xx.o
 .ARM.attributes
                0x000003ad       0x21 startup\startup_stm32f103xb.o
 .ARM.attributes
                0x000003ce       0x2d c:/program files (x86)/atollic/truestudio for stm32 9.0.1/armtools/bin/../lib/gcc/arm-atollic-eabi/6.3.1/../../../../arm-atollic-eabi/lib/armv7-m\libc_nano.a(lib_a-init.o)
 .ARM.attributes
                0x000003fb       0x2d c:/program files (x86)/atollic/truestudio for stm32 9.0.1/armtools/bin/../lib/gcc/arm-atollic-eabi/6.3.1/../../../../arm-atollic-eabi/lib/armv7-m\libc_nano.a(lib_a-memset.o)
 .ARM.attributes
                0x00000428       0x1d c:/program files (x86)/atollic/truestudio for stm32 9.0.1/armtools/bin/../lib/gcc/arm-atollic-eabi/6.3.1/armv7-m/crtn.o
OUTPUT(motorcycle_unit_2_0_1.elf elf32-littlearm)

.debug_info     0x00000000    0x14714
 .debug_info    0x00000000      0x7cd Drivers\STM32F1xx_HAL_Driver\Src\stm32f1xx_hal.o
 .debug_info    0x000007cd      0xea0 Drivers\STM32F1xx_HAL_Driver\Src\stm32f1xx_hal_adc.o
 .debug_info    0x0000166d      0xca7 Drivers\STM32F1xx_HAL_Driver\Src\stm32f1xx_hal_cortex.o
 .debug_info    0x00002314      0x691 Drivers\STM32F1xx_HAL_Driver\Src\stm32f1xx_hal_gpio.o
 .debug_info    0x000029a5      0x6f4 Drivers\STM32F1xx_HAL_Driver\Src\stm32f1xx_hal_pwr.o
 .debug_info    0x00003099      0xa01 Drivers\STM32F1xx_HAL_Driver\Src\stm32f1xx_hal_rcc.o
 .debug_info    0x00003a9a      0x48b Drivers\STM32F1xx_HAL_Driver\Src\stm32f1xx_hal_rcc_ex.o
 .debug_info    0x00003f25     0x1cbc Drivers\STM32F1xx_HAL_Driver\Src\stm32f1xx_hal_spi.o
 .debug_info    0x00005be1     0x34cc Drivers\STM32F1xx_HAL_Driver\Src\stm32f1xx_hal_tim.o
 .debug_info    0x000090ad     0x12fc Drivers\STM32F1xx_HAL_Driver\Src\stm32f1xx_hal_tim_ex.o
 .debug_info    0x0000a3a9     0x1632 Drivers\STM32F1xx_HAL_Driver\Src\stm32f1xx_hal_uart.o
 .debug_info    0x0000b9db     0x2760 Src\main.o
 .debug_info    0x0000e13b     0x13f0 Src\motorcycle.o
 .debug_info    0x0000f52b     0x280c Src\nrf24l01.o
 .debug_info    0x00011d37     0x13dc Src\stm32f1xx_hal_msp.o
 .debug_info    0x00013113     0x1131 Src\stm32f1xx_it.o
 .debug_info    0x00014244      0x437 Src\system_stm32f1xx.o
 .debug_info    0x0001467b       0x99 startup\startup_stm32f103xb.o

.debug_abbrev   0x00000000     0x2cc9
 .debug_abbrev  0x00000000      0x24a Drivers\STM32F1xx_HAL_Driver\Src\stm32f1xx_hal.o
 .debug_abbrev  0x0000024a      0x299 Drivers\STM32F1xx_HAL_Driver\Src\stm32f1xx_hal_adc.o
 .debug_abbrev  0x000004e3      0x2f8 Drivers\STM32F1xx_HAL_Driver\Src\stm32f1xx_hal_cortex.o
 .debug_abbrev  0x000007db      0x1e4 Drivers\STM32F1xx_HAL_Driver\Src\stm32f1xx_hal_gpio.o
 .debug_abbrev  0x000009bf      0x1d3 Drivers\STM32F1xx_HAL_Driver\Src\stm32f1xx_hal_pwr.o
 .debug_abbrev  0x00000b92      0x2c1 Drivers\STM32F1xx_HAL_Driver\Src\stm32f1xx_hal_rcc.o
 .debug_abbrev  0x00000e53      0x1c4 Drivers\STM32F1xx_HAL_Driver\Src\stm32f1xx_hal_rcc_ex.o
 .debug_abbrev  0x00001017      0x33e Drivers\STM32F1xx_HAL_Driver\Src\stm32f1xx_hal_spi.o
 .debug_abbrev  0x00001355      0x335 Drivers\STM32F1xx_HAL_Driver\Src\stm32f1xx_hal_tim.o
 .debug_abbrev  0x0000168a      0x29c Drivers\STM32F1xx_HAL_Driver\Src\stm32f1xx_hal_tim_ex.o
 .debug_abbrev  0x00001926      0x2f3 Drivers\STM32F1xx_HAL_Driver\Src\stm32f1xx_hal_uart.o
 .debug_abbrev  0x00001c19      0x3af Src\main.o
 .debug_abbrev  0x00001fc8      0x2ab Src\motorcycle.o
 .debug_abbrev  0x00002273      0x460 Src\nrf24l01.o
 .debug_abbrev  0x000026d3      0x239 Src\stm32f1xx_hal_msp.o
 .debug_abbrev  0x0000290c      0x27c Src\stm32f1xx_it.o
 .debug_abbrev  0x00002b88      0x12f Src\system_stm32f1xx.o
 .debug_abbrev  0x00002cb7       0x12 startup\startup_stm32f103xb.o

.debug_loc      0x00000000     0x8bbc
 .debug_loc     0x00000000      0x10c Drivers\STM32F1xx_HAL_Driver\Src\stm32f1xx_hal.o
 .debug_loc     0x0000010c      0x873 Drivers\STM32F1xx_HAL_Driver\Src\stm32f1xx_hal_adc.o
 .debug_loc     0x0000097f      0x487 Drivers\STM32F1xx_HAL_Driver\Src\stm32f1xx_hal_cortex.o
 .debug_loc     0x00000e06      0x2f5 Drivers\STM32F1xx_HAL_Driver\Src\stm32f1xx_hal_gpio.o
 .debug_loc     0x000010fb       0xaa Drivers\STM32F1xx_HAL_Driver\Src\stm32f1xx_hal_pwr.o
 .debug_loc     0x000011a5      0x478 Drivers\STM32F1xx_HAL_Driver\Src\stm32f1xx_hal_rcc.o
 .debug_loc     0x0000161d      0x29d Drivers\STM32F1xx_HAL_Driver\Src\stm32f1xx_hal_rcc_ex.o
 .debug_loc     0x000018ba     0x1703 Drivers\STM32F1xx_HAL_Driver\Src\stm32f1xx_hal_spi.o
 .debug_loc     0x00002fbd     0x2f5a Drivers\STM32F1xx_HAL_Driver\Src\stm32f1xx_hal_tim.o
 .debug_loc     0x00005f17      0xa7c Drivers\STM32F1xx_HAL_Driver\Src\stm32f1xx_hal_tim_ex.o
 .debug_loc     0x00006993     0x1362 Drivers\STM32F1xx_HAL_Driver\Src\stm32f1xx_hal_uart.o
 .debug_loc     0x00007cf5       0x53 Src\main.o
 .debug_loc     0x00007d48      0x27c Src\motorcycle.o
 .debug_loc     0x00007fc4      0x972 Src\nrf24l01.o
 .debug_loc     0x00008936      0x1b9 Src\stm32f1xx_hal_msp.o
 .debug_loc     0x00008aef       0xcd Src\system_stm32f1xx.o

.debug_aranges  0x00000000      0xdc8
 .debug_aranges
                0x00000000       0xd8 Drivers\STM32F1xx_HAL_Driver\Src\stm32f1xx_hal.o
 .debug_aranges
                0x000000d8       0xc8 Drivers\STM32F1xx_HAL_Driver\Src\stm32f1xx_hal_adc.o
 .debug_aranges
                0x000001a0       0x90 Drivers\STM32F1xx_HAL_Driver\Src\stm32f1xx_hal_cortex.o
 .debug_aranges
                0x00000230       0x58 Drivers\STM32F1xx_HAL_Driver\Src\stm32f1xx_hal_gpio.o
 .debug_aranges
                0x00000288       0xa8 Drivers\STM32F1xx_HAL_Driver\Src\stm32f1xx_hal_pwr.o
 .debug_aranges
                0x00000330       0x88 Drivers\STM32F1xx_HAL_Driver\Src\stm32f1xx_hal_rcc.o
 .debug_aranges
                0x000003b8       0x30 Drivers\STM32F1xx_HAL_Driver\Src\stm32f1xx_hal_rcc_ex.o
 .debug_aranges
                0x000003e8      0x188 Drivers\STM32F1xx_HAL_Driver\Src\stm32f1xx_hal_spi.o
 .debug_aranges
                0x00000570      0x278 Drivers\STM32F1xx_HAL_Driver\Src\stm32f1xx_hal_tim.o
 .debug_aranges
                0x000007e8       0xf8 Drivers\STM32F1xx_HAL_Driver\Src\stm32f1xx_hal_tim_ex.o
 .debug_aranges
                0x000008e0      0x170 Drivers\STM32F1xx_HAL_Driver\Src\stm32f1xx_hal_uart.o
 .debug_aranges
                0x00000a50       0x38 Src\main.o
 .debug_aranges
                0x00000a88       0x40 Src\motorcycle.o
 .debug_aranges
                0x00000ac8      0x1c0 Src\nrf24l01.o
 .debug_aranges
                0x00000c88       0x60 Src\stm32f1xx_hal_msp.o
 .debug_aranges
                0x00000ce8       0x90 Src\stm32f1xx_it.o
 .debug_aranges
                0x00000d78       0x28 Src\system_stm32f1xx.o
 .debug_aranges
                0x00000da0       0x28 startup\startup_stm32f103xb.o

.debug_ranges   0x00000000     0x11f8
 .debug_ranges  0x00000000       0xc8 Drivers\STM32F1xx_HAL_Driver\Src\stm32f1xx_hal.o
 .debug_ranges  0x000000c8       0xb8 Drivers\STM32F1xx_HAL_Driver\Src\stm32f1xx_hal_adc.o
 .debug_ranges  0x00000180      0x128 Drivers\STM32F1xx_HAL_Driver\Src\stm32f1xx_hal_cortex.o
 .debug_ranges  0x000002a8       0x60 Drivers\STM32F1xx_HAL_Driver\Src\stm32f1xx_hal_gpio.o
 .debug_ranges  0x00000308       0x98 Drivers\STM32F1xx_HAL_Driver\Src\stm32f1xx_hal_pwr.o
 .debug_ranges  0x000003a0       0xa0 Drivers\STM32F1xx_HAL_Driver\Src\stm32f1xx_hal_rcc.o
 .debug_ranges  0x00000440       0x40 Drivers\STM32F1xx_HAL_Driver\Src\stm32f1xx_hal_rcc_ex.o
 .debug_ranges  0x00000480      0x1a8 Drivers\STM32F1xx_HAL_Driver\Src\stm32f1xx_hal_spi.o
 .debug_ranges  0x00000628      0x348 Drivers\STM32F1xx_HAL_Driver\Src\stm32f1xx_hal_tim.o
 .debug_ranges  0x00000970       0xe8 Drivers\STM32F1xx_HAL_Driver\Src\stm32f1xx_hal_tim_ex.o
 .debug_ranges  0x00000a58      0x190 Drivers\STM32F1xx_HAL_Driver\Src\stm32f1xx_hal_uart.o
 .debug_ranges  0x00000be8      0x198 Src\main.o
 .debug_ranges  0x00000d80       0x60 Src\motorcycle.o
 .debug_ranges  0x00000de0      0x1f8 Src\nrf24l01.o
 .debug_ranges  0x00000fd8      0x168 Src\stm32f1xx_hal_msp.o
 .debug_ranges  0x00001140       0x80 Src\stm32f1xx_it.o
 .debug_ranges  0x000011c0       0x18 Src\system_stm32f1xx.o
 .debug_ranges  0x000011d8       0x20 startup\startup_stm32f103xb.o

.debug_line     0x00000000     0x6b41
 .debug_line    0x00000000      0x3eb Drivers\STM32F1xx_HAL_Driver\Src\stm32f1xx_hal.o
 .debug_line    0x000003eb      0x7db Drivers\STM32F1xx_HAL_Driver\Src\stm32f1xx_hal_adc.o
 .debug_line    0x00000bc6      0x3e6 Drivers\STM32F1xx_HAL_Driver\Src\stm32f1xx_hal_cortex.o
 .debug_line    0x00000fac      0x3ab Drivers\STM32F1xx_HAL_Driver\Src\stm32f1xx_hal_gpio.o
 .debug_line    0x00001357      0x39d Drivers\STM32F1xx_HAL_Driver\Src\stm32f1xx_hal_pwr.o
 .debug_line    0x000016f4      0x582 Drivers\STM32F1xx_HAL_Driver\Src\stm32f1xx_hal_rcc.o
 .debug_line    0x00001c76      0x336 Drivers\STM32F1xx_HAL_Driver\Src\stm32f1xx_hal_rcc_ex.o
 .debug_line    0x00001fac      0xbb2 Drivers\STM32F1xx_HAL_Driver\Src\stm32f1xx_hal_spi.o
 .debug_line    0x00002b5e     0x1179 Drivers\STM32F1xx_HAL_Driver\Src\stm32f1xx_hal_tim.o
 .debug_line    0x00003cd7      0x6d5 Drivers\STM32F1xx_HAL_Driver\Src\stm32f1xx_hal_tim_ex.o
 .debug_line    0x000043ac      0xbda Drivers\STM32F1xx_HAL_Driver\Src\stm32f1xx_hal_uart.o
 .debug_line    0x00004f86      0x577 Src\main.o
 .debug_line    0x000054fd      0x3d7 Src\motorcycle.o
 .debug_line    0x000058d4      0x7e8 Src\nrf24l01.o
 .debug_line    0x000060bc      0x3e3 Src\stm32f1xx_hal_msp.o
 .debug_line    0x0000649f      0x3fd Src\stm32f1xx_it.o
 .debug_line    0x0000689c      0x228 Src\system_stm32f1xx.o
 .debug_line    0x00006ac4       0x7d startup\startup_stm32f103xb.o

.debug_str      0x00000000     0x49ad
 .debug_str     0x00000000      0x821 Drivers\STM32F1xx_HAL_Driver\Src\stm32f1xx_hal.o
                                0x88a (size before relaxing)
 .debug_str     0x00000821      0x67a Drivers\STM32F1xx_HAL_Driver\Src\stm32f1xx_hal_adc.o
                                0x9ae (size before relaxing)
 .debug_str     0x00000e9b      0x3c5 Drivers\STM32F1xx_HAL_Driver\Src\stm32f1xx_hal_cortex.o
                                0x9ac (size before relaxing)
 .debug_str     0x00001260      0x1cf Drivers\STM32F1xx_HAL_Driver\Src\stm32f1xx_hal_gpio.o
                                0x4fd (size before relaxing)
 .debug_str     0x0000142f      0x229 Drivers\STM32F1xx_HAL_Driver\Src\stm32f1xx_hal_pwr.o
                                0x586 (size before relaxing)
 .debug_str     0x00001658      0x316 Drivers\STM32F1xx_HAL_Driver\Src\stm32f1xx_hal_rcc.o
                                0x6e6 (size before relaxing)
 .debug_str     0x0000196e      0x110 Drivers\STM32F1xx_HAL_Driver\Src\stm32f1xx_hal_rcc_ex.o
                                0x4be (size before relaxing)
 .debug_str     0x00001a7e      0x700 Drivers\STM32F1xx_HAL_Driver\Src\stm32f1xx_hal_spi.o
                                0xc21 (size before relaxing)
 .debug_str     0x0000217e      0xfe8 Drivers\STM32F1xx_HAL_Driver\Src\stm32f1xx_hal_tim.o
                               0x152e (size before relaxing)
 .debug_str     0x00003166      0x548 Drivers\STM32F1xx_HAL_Driver\Src\stm32f1xx_hal_tim_ex.o
                                0xd46 (size before relaxing)
 .debug_str     0x000036ae      0x68d Drivers\STM32F1xx_HAL_Driver\Src\stm32f1xx_hal_uart.o
                                0xc76 (size before relaxing)
 .debug_str     0x00003d3b      0x629 Src\main.o
                               0x193f (size before relaxing)
 .debug_str     0x00004364       0x6e Src\motorcycle.o
                                0xc25 (size before relaxing)
 .debug_str     0x000043d2      0x437 Src\nrf24l01.o
                               0x1068 (size before relaxing)
 .debug_str     0x00004809       0x23 Src\stm32f1xx_hal_msp.o
                                0xf5f (size before relaxing)
 .debug_str     0x0000482c      0x134 Src\stm32f1xx_it.o
                                0xc8b (size before relaxing)
 .debug_str     0x00004960       0x4d Src\system_stm32f1xx.o
                                0x36c (size before relaxing)

.comment        0x00000000       0x7c
 .comment       0x00000000       0x7c Drivers\STM32F1xx_HAL_Driver\Src\stm32f1xx_hal.o
                                 0x7d (size before relaxing)
 .comment       0x0000007c       0x7d Drivers\STM32F1xx_HAL_Driver\Src\stm32f1xx_hal_adc.o
 .comment       0x0000007c       0x7d Drivers\STM32F1xx_HAL_Driver\Src\stm32f1xx_hal_cortex.o
 .comment       0x0000007c       0x7d Drivers\STM32F1xx_HAL_Driver\Src\stm32f1xx_hal_gpio.o
 .comment       0x0000007c       0x7d Drivers\STM32F1xx_HAL_Driver\Src\stm32f1xx_hal_pwr.o
 .comment       0x0000007c       0x7d Drivers\STM32F1xx_HAL_Driver\Src\stm32f1xx_hal_rcc.o
 .comment       0x0000007c       0x7d Drivers\STM32F1xx_HAL_Driver\Src\stm32f1xx_hal_rcc_ex.o
 .comment       0x0000007c       0x7d Drivers\STM32F1xx_HAL_Driver\Src\stm32f1xx_hal_spi.o
 .comment       0x0000007c       0x7d Drivers\STM32F1xx_HAL_Driver\Src\stm32f1xx_hal_tim.o
 .comment       0x0000007c       0x7d Drivers\STM32F1xx_HAL_Driver\Src\stm32f1xx_hal_tim_ex.o
 .comment       0x0000007c       0x7d Drivers\STM32F1xx_HAL_Driver\Src\stm32f1xx_hal_uart.o
 .comment       0x0000007c       0x7d Src\main.o
 .comment       0x0000007c       0x7d Src\motorcycle.o
 .comment       0x0000007c       0x7d Src\nrf24l01.o
 .comment       0x0000007c       0x7d Src\stm32f1xx_hal_msp.o
 .comment       0x0000007c       0x7d Src\stm32f1xx_it.o
 .comment       0x0000007c       0x7d Src\system_stm32f1xx.o

.debug_frame    0x00000000     0x292c
 .debug_frame   0x00000000      0x1d4 Drivers\STM32F1xx_HAL_Driver\Src\stm32f1xx_hal.o
 .debug_frame   0x000001d4      0x298 Drivers\STM32F1xx_HAL_Driver\Src\stm32f1xx_hal_adc.o
 .debug_frame   0x0000046c      0x120 Drivers\STM32F1xx_HAL_Driver\Src\stm32f1xx_hal_cortex.o
 .debug_frame   0x0000058c       0xd4 Drivers\STM32F1xx_HAL_Driver\Src\stm32f1xx_hal_gpio.o
 .debug_frame   0x00000660      0x140 Drivers\STM32F1xx_HAL_Driver\Src\stm32f1xx_hal_pwr.o
 .debug_frame   0x000007a0      0x150 Drivers\STM32F1xx_HAL_Driver\Src\stm32f1xx_hal_rcc.o
 .debug_frame   0x000008f0       0x6c Drivers\STM32F1xx_HAL_Driver\Src\stm32f1xx_hal_rcc_ex.o
 .debug_frame   0x0000095c      0x568 Drivers\STM32F1xx_HAL_Driver\Src\stm32f1xx_hal_spi.o
 .debug_frame   0x00000ec4      0x928 Drivers\STM32F1xx_HAL_Driver\Src\stm32f1xx_hal_tim.o
 .debug_frame   0x000017ec      0x360 Drivers\STM32F1xx_HAL_Driver\Src\stm32f1xx_hal_tim_ex.o
 .debug_frame   0x00001b4c      0x498 Drivers\STM32F1xx_HAL_Driver\Src\stm32f1xx_hal_uart.o
 .debug_frame   0x00001fe4       0x8c Src\main.o
 .debug_frame   0x00002070       0xd4 Src\motorcycle.o
 .debug_frame   0x00002144      0x558 Src\nrf24l01.o
 .debug_frame   0x0000269c       0xe4 Src\stm32f1xx_hal_msp.o
 .debug_frame   0x00002780      0x130 Src\stm32f1xx_it.o
 .debug_frame   0x000028b0       0x30 Src\system_stm32f1xx.o
 .debug_frame   0x000028e0       0x2c c:/program files (x86)/atollic/truestudio for stm32 9.0.1/armtools/bin/../lib/gcc/arm-atollic-eabi/6.3.1/../../../../arm-atollic-eabi/lib/armv7-m\libc_nano.a(lib_a-init.o)
 .debug_frame   0x0000290c       0x20 c:/program files (x86)/atollic/truestudio for stm32 9.0.1/armtools/bin/../lib/gcc/arm-atollic-eabi/6.3.1/../../../../arm-atollic-eabi/lib/armv7-m\libc_nano.a(lib_a-memset.o)
